Component: ARM Compiler 5.06 update 6 (build 750) Tool: armlink [4d35ed]

==============================================================================

Section Cross References

    startup_stm32f10x_hd.o(RESET) refers to startup_stm32f10x_hd.o(STACK) for __initial_sp
    startup_stm32f10x_hd.o(RESET) refers to startup_stm32f10x_hd.o(.text) for Reset_Handler
    startup_stm32f10x_hd.o(RESET) refers to stm32f10x_it.o(i.NMI_Handler) for NMI_Handler
    startup_stm32f10x_hd.o(RESET) refers to stm32f10x_it.o(i.HardFault_Handler) for HardFault_Handler
    startup_stm32f10x_hd.o(RESET) refers to stm32f10x_it.o(i.MemManage_Handler) for MemManage_Handler
    startup_stm32f10x_hd.o(RESET) refers to stm32f10x_it.o(i.BusFault_Handler) for BusFault_Handler
    startup_stm32f10x_hd.o(RESET) refers to stm32f10x_it.o(i.UsageFault_Handler) for UsageFault_Handler
    startup_stm32f10x_hd.o(RESET) refers to stm32f10x_it.o(i.SVC_Handler) for SVC_Handler
    startup_stm32f10x_hd.o(RESET) refers to stm32f10x_it.o(i.DebugMon_Handler) for DebugMon_Handler
    startup_stm32f10x_hd.o(RESET) refers to stm32f10x_it.o(i.PendSV_Handler) for PendSV_Handler
    startup_stm32f10x_hd.o(RESET) refers to stm32f10x_it.o(i.SysTick_Handler) for SysTick_Handler
    startup_stm32f10x_hd.o(RESET) refers to key.o(i.EXTI3_IRQHandler) for EXTI3_IRQHandler
    startup_stm32f10x_hd.o(RESET) refers to key.o(i.EXTI4_IRQHandler) for EXTI4_IRQHandler
    startup_stm32f10x_hd.o(RESET) refers to key.o(i.EXTI9_5_IRQHandler) for EXTI9_5_IRQHandler
    startup_stm32f10x_hd.o(RESET) refers to time.o(i.TIM2_IRQHandler) for TIM2_IRQHandler
    startup_stm32f10x_hd.o(RESET) refers to usart.o(i.USART1_IRQHandler) for USART1_IRQHandler
    startup_stm32f10x_hd.o(RESET) refers to usart.o(i.USART2_IRQHandler) for USART2_IRQHandler
    startup_stm32f10x_hd.o(RESET) refers to usart.o(i.USART3_IRQHandler) for USART3_IRQHandler
    startup_stm32f10x_hd.o(RESET) refers to key.o(i.EXTI15_10_IRQHandler) for EXTI15_10_IRQHandler
    startup_stm32f10x_hd.o(.text) refers to system_stm32f10x.o(i.SystemInit) for SystemInit
    startup_stm32f10x_hd.o(.text) refers to entry.o(.ARM.Collect$$$$00000000) for __main
    system_stm32f10x.o(i.SetSysClock) refers to system_stm32f10x.o(i.SetSysClockTo72) for SetSysClockTo72
    system_stm32f10x.o(i.SystemCoreClockUpdate) refers to system_stm32f10x.o(.data) for SystemCoreClock
    system_stm32f10x.o(i.SystemInit) refers to system_stm32f10x.o(i.SetSysClock) for SetSysClock
    stm32f10x_adc.o(i.ADC_DeInit) refers to stm32f10x_rcc.o(i.RCC_APB2PeriphResetCmd) for RCC_APB2PeriphResetCmd
    stm32f10x_bkp.o(i.BKP_DeInit) refers to stm32f10x_rcc.o(i.RCC_BackupResetCmd) for RCC_BackupResetCmd
    stm32f10x_can.o(i.CAN_DeInit) refers to stm32f10x_rcc.o(i.RCC_APB1PeriphResetCmd) for RCC_APB1PeriphResetCmd
    stm32f10x_can.o(i.CAN_GetITStatus) refers to stm32f10x_can.o(i.CheckITStatus) for CheckITStatus
    stm32f10x_cec.o(i.CEC_DeInit) refers to stm32f10x_rcc.o(i.RCC_APB1PeriphResetCmd) for RCC_APB1PeriphResetCmd
    stm32f10x_dac.o(i.DAC_DeInit) refers to stm32f10x_rcc.o(i.RCC_APB1PeriphResetCmd) for RCC_APB1PeriphResetCmd
    stm32f10x_flash.o(i.FLASH_EnableWriteProtection) refers to stm32f10x_flash.o(i.FLASH_WaitForLastOperation) for FLASH_WaitForLastOperation
    stm32f10x_flash.o(i.FLASH_EraseAllBank1Pages) refers to stm32f10x_flash.o(i.FLASH_WaitForLastBank1Operation) for FLASH_WaitForLastBank1Operation
    stm32f10x_flash.o(i.FLASH_EraseAllPages) refers to stm32f10x_flash.o(i.FLASH_WaitForLastOperation) for FLASH_WaitForLastOperation
    stm32f10x_flash.o(i.FLASH_EraseOptionBytes) refers to stm32f10x_flash.o(i.FLASH_GetReadOutProtectionStatus) for FLASH_GetReadOutProtectionStatus
    stm32f10x_flash.o(i.FLASH_EraseOptionBytes) refers to stm32f10x_flash.o(i.FLASH_WaitForLastOperation) for FLASH_WaitForLastOperation
    stm32f10x_flash.o(i.FLASH_ErasePage) refers to stm32f10x_flash.o(i.FLASH_WaitForLastOperation) for FLASH_WaitForLastOperation
    stm32f10x_flash.o(i.FLASH_ProgramHalfWord) refers to stm32f10x_flash.o(i.FLASH_WaitForLastOperation) for FLASH_WaitForLastOperation
    stm32f10x_flash.o(i.FLASH_ProgramOptionByteData) refers to stm32f10x_flash.o(i.FLASH_WaitForLastOperation) for FLASH_WaitForLastOperation
    stm32f10x_flash.o(i.FLASH_ProgramWord) refers to stm32f10x_flash.o(i.FLASH_WaitForLastOperation) for FLASH_WaitForLastOperation
    stm32f10x_flash.o(i.FLASH_ReadOutProtection) refers to stm32f10x_flash.o(i.FLASH_WaitForLastOperation) for FLASH_WaitForLastOperation
    stm32f10x_flash.o(i.FLASH_UserOptionByteConfig) refers to stm32f10x_flash.o(i.FLASH_WaitForLastOperation) for FLASH_WaitForLastOperation
    stm32f10x_flash.o(i.FLASH_WaitForLastBank1Operation) refers to stm32f10x_flash.o(i.FLASH_GetBank1Status) for FLASH_GetBank1Status
    stm32f10x_flash.o(i.FLASH_WaitForLastOperation) refers to stm32f10x_flash.o(i.FLASH_GetBank1Status) for FLASH_GetBank1Status
[...]
    ../fplib/microlib/fpepilogue.c           0x00000000   Number         0  depilogue.o ABSOLUTE
    ../fplib/microlib/fpfix.c                0x00000000   Number         0  dfixi.o ABSOLUTE
    ../fplib/microlib/fpfix.c                0x00000000   Number         0  dfixul.o ABSOLUTE
    ../fplib/microlib/fpflt.c                0x00000000   Number         0  dflti.o ABSOLUTE
    ../fplib/microlib/fpflt.c                0x00000000   Number         0  ffltui.o ABSOLUTE
    ../fplib/microlib/fpflt.c                0x00000000   Number         0  fflti.o ABSOLUTE
    ../fplib/microlib/fpmul.c                0x00000000   Number         0  fmul.o ABSOLUTE
    ../fplib/microlib/fpmul.c                0x00000000   Number         0  dmul.o ABSOLUTE
    ../fplib/microlib/fpscalb.c              0x00000000   Number         0  dscalb.o ABSOLUTE
    ../fplib/microlib/fpsqrt.c               0x00000000   Number         0  dsqrt.o ABSOLUTE
    ../mathlib/dunder.c                      0x00000000   Number         0  dunder.o ABSOLUTE
    ../mathlib/fpclassify.c                  0x00000000   Number         0  fpclassify.o ABSOLUTE
    ../mathlib/poly.c                        0x00000000   Number         0  poly.o ABSOLUTE
    ../mathlib/pow.c                         0x00000000   Number         0  pow_x.o ABSOLUTE
    ../mathlib/pow.c                         0x00000000   Number         0  pow.o ABSOLUTE
    ../mathlib/qnan.c                        0x00000000   Number         0  qnan.o ABSOLUTE
    ../mathlib/sqrt.c                        0x00000000   Number         0  sqrt_x.o ABSOLUTE
    ../mathlib/sqrt.c                        0x00000000   Number         0  sqrt.o ABSOLUTE
    ..\Handware\DHT11\dht11.c                0x00000000   Number         0  dht11.o ABSOLUTE
    ..\Handware\DS18B20\ds18b20.c            0x00000000   Number         0  ds18b20.o ABSOLUTE
    ..\Handware\KEY\key.c                    0x00000000   Number         0  key.o ABSOLUTE
    ..\Handware\Led\led.c                    0x00000000   Number         0  led.o ABSOLUTE
    ..\Handware\M26\M26.c                    0x00000000   Number         0  m26.o ABSOLUTE
    ..\Handware\MQ135\mq.c                   0x00000000   Number         0  mq.o ABSOLUTE
    ..\Handware\OLED\oled.c                  0x00000000   Number         0  oled.o ABSOLUTE
    ..\Handware\TIME\time.c                  0x00000000   Number         0  time.o ABSOLUTE
    ..\Handware\WDG\wdg.c                    0x00000000   Number         0  wdg.o ABSOLUTE
    ..\Libraries\CMSIS\core_cm3.c            0x00000000   Number         0  core_cm3.o ABSOLUTE
    ..\Libraries\CMSIS\startup\startup_stm32f10x_hd.s 0x00000000   Number         0  startup_stm32f10x_hd.o ABSOLUTE
    ..\Libraries\CMSIS\system_stm32f10x.c    0x00000000   Number         0  system_stm32f10x.o ABSOLUTE
    ..\Libraries\FWlib\src\misc.c            0x00000000   Number         0  misc.o ABSOLUTE
    ..\Libraries\FWlib\src\stm32f10x_adc.c   0x00000000   Number         0  stm32f10x_adc.o ABSOLUTE
    ..\Libraries\FWlib\src\stm32f10x_bkp.c   0x00000000   Number         0  stm32f10x_bkp.o ABSOLUTE
    ..\Libraries\FWlib\src\stm32f10x_can.c   0x00000000   Number         0  stm32f10x_can.o ABSOLUTE
    ..\Libraries\FWlib\src\stm32f10x_cec.c   0x00000000   Number         0  stm32f10x_cec.o ABSOLUTE
    ..\Libraries\FWlib\src\stm32f10x_crc.c   0x00000000   Number         0  stm32f10x_crc.o ABSOLUTE
    ..\Libraries\FWlib\src\stm32f10x_dac.c   0x00000000   Number         0  stm32f10x_dac.o ABSOLUTE
    ..\Libraries\FWlib\src\stm32f10x_dbgmcu.c 0x00000000   Number         0  stm32f10x_dbgmcu.o ABSOLUTE
    ..\Libraries\FWlib\src\stm32f10x_dma.c   0x00000000   Number         0  stm32f10x_dma.o ABSOLUTE
    ..\Libraries\FWlib\src\stm32f10x_exti.c  0x00000000   Number         0  stm32f10x_exti.o ABSOLUTE
    ..\Libraries\FWlib\src\stm32f10x_flash.c 0x00000000   Number         0  stm32f10x_flash.o ABSOLUTE
    ..\Libraries\FWlib\src\stm32f10x_fsmc.c  0x00000000   Number         0  stm32f10x_fsmc.o ABSOLUTE
    ..\Libraries\FWlib\src\stm32f10x_gpio.c  0x00000000   Number         0  stm32f10x_gpio.o ABSOLUTE
    ..\Libraries\FWlib\src\stm32f10x_i2c.c   0x00000000   Number         0  stm32f10x_i2c.o ABSOLUTE
    ..\Libraries\FWlib\src\stm32f10x_iwdg.c  0x00000000   Number         0  stm32f10x_iwdg.o ABSOLUTE
    ..\Libraries\FWlib\src\stm32f10x_pwr.c   0x00000000   Number         0  stm32f10x_pwr.o ABSOLUTE
    ..\Libraries\FWlib\src\stm32f10x_rcc.c   0x00000000   Number         0  stm32f10x_rcc.o ABSOLUTE
    ..\Libraries\FWlib\src\stm32f10x_rtc.c   0x00000000   Number         0  stm32f10x_rtc.o ABSOLUTE
    ..\Libraries\FWlib\src\stm32f10x_sdio.c  0x00000000   Number         0  stm32f10x_sdio.o ABSOLUTE
    ..\Libraries\FWlib\src\stm32f10x_spi.c   0x00000000   Number         0  stm32f10x_spi.o ABSOLUTE
    ..\Libraries\FWlib\src\stm32f10x_tim.c   0x00000000   Number         0  stm32f10x_tim.o ABSOLUTE
    ..\Libraries\FWlib\src\stm32f10x_usart.c 0x00000000   Number         0  stm32f10x_usart.o ABSOLUTE
    ..\Libraries\FWlib\src\stm32f10x_wwdg.c  0x00000000   Number         0  stm32f10x_wwdg.o ABSOLUTE
    ..\System\delay\delay.c                  0x00000000   Number         0  delay.o ABSOLUTE
    ..\System\sys\sys.c                      0x00000000   Number         0  sys.o ABSOLUTE
    ..\System\usart\usart.c                  0x00000000   Number         0  usart.o ABSOLUTE
    ..\User\main.c                           0x00000000   Number         0  main.o ABSOLUTE
    ..\User\stm32f10x_it.c                   0x00000000   Number         0  stm32f10x_it.o ABSOLUTE
    ..\\Libraries\\CMSIS\\core_cm3.c         0x00000000   Number         0  core_cm3.o ABSOLUTE
    cdcmple.s                                0x00000000   Number         0  cdcmple.o ABSOLUTE
    cdrcmple.s                               0x00000000   Number         0  cdrcmple.o ABSOLUTE
    cfcmple.s                                0x00000000   Number         0  cfcmple.o ABSOLUTE
    cfrcmple.s                               0x00000000   Number         0  cfrcmple.o ABSOLUTE
    dc.s                                     0x00000000   Number         0  dc.o ABSOLUTE
    handlers.s                               0x00000000   Number         0  handlers.o ABSOLUTE
    init.s                                   0x00000000   Number         0  init.o ABSOLUTE
    RESET                                    0x08000000   Section      304  startup_stm32f10x_hd.o(RESET)
    .ARM.Collect$$$$00000000                 0x08000130   Section        0  entry.o(.ARM.Collect$$$$00000000)
    .ARM.Collect$$$$00000001                 0x08000130   Section        4  entry2.o(.ARM.Collect$$$$00000001)
    .ARM.Collect$$$$00000004                 0x08000134   Section        4  entry5.o(.ARM.Collect$$$$00000004)
    .ARM.Collect$$$$00000008                 0x08000138   Section        0  entry7b.o(.ARM.Collect$$$$00000008)
    .ARM.Collect$$$$0000000A                 0x08000138   Section        0  entry8b.o(.ARM.Collect$$$$0000000A)
    .ARM.Collect$$$$0000000B                 0x08000138   Section        8  entry9a.o(.ARM.Collect$$$$0000000B)
    .ARM.Collect$$$$0000000D                 0x08000140   Section        0  entry10a.o(.ARM.Collect$$$$0000000D)
    .ARM.Collect$$$$0000000F                 0x08000140   Section        0  entry11a.o(.ARM.Collect$$$$0000000F)
    .ARM.Collect$$$$00002712                 0x08000140   Section        4  entry2.o(.ARM.Collect$$$$00002712)
    __lit__00000000                          0x08000140   Data           4  entry2.o(.ARM.Collect$$$$00002712)
    .text                                    0x08000144   Section       36  startup_stm32f10x_hd.o(.text)
    .text                                    0x08000168   Section        0  memseta.o(.text)
    .text                                    0x0800018c   Section        0  strstr.o(.text)
    .text                                    0x080001b0   Section        0  fadd.o(.text)
    .text                                    0x08000260   Section        0  fdiv.o(.text)
    .text                                    0x080002dc   Section        0  dadd.o(.text)
    .text                                    0x0800042a   Section        0  dmul.o(.text)
    .text                                    0x0800050e   Section        0  ddiv.o(.text)
    .text                                    0x080005ec   Section        0  fflti.o(.text)
    .text                                    0x080005fe   Section        0  ffltui.o(.text)
    .text                                    0x08000608   Section        0  dflti.o(.text)
    .text                                    0x0800062a   Section        0  f2d.o(.text)
    .text                                    0x08000650   Section        0  d2f.o(.text)
    .text                                    0x08000688   Section       20  cfcmple.o(.text)
    .text                                    0x0800069c   Section       20  cfrcmple.o(.text)
    .text                                    0x080006b0   Section        0  uidiv.o(.text)
    .text                                    0x080006dc   Section        0  uldiv.o(.text)
    .text                                    0x0800073e   Section        0  llshl.o(.text)
    .text                                    0x0800075c   Section        0  llushr.o(.text)
    .text                                    0x0800077c   Section        0  llsshr.o(.text)
    .text                                    0x080007a0   Section        0  fepilogue.o(.text)
    .text                                    0x080007a0   Section        0  iusefp.o(.text)
    .text                                    0x0800080e   Section        0  depilogue.o(.text)
    .text                                    0x080008c8   Section        0  dscalb.o(.text)
    .text                                    0x080008f6   Section        0  dfixul.o(.text)
    .text                                    0x08000928   Section       48  cdrcmple.o(.text)
    .text                                    0x08000958   Section       36  init.o(.text)
    .text                                    0x0800097c   Section        0  dsqrt.o(.text)
    i.ADCInit                                0x08000a20   Section        0  mq.o(i.ADCInit)
    i.ADC_Cmd                                0x08000a34   Section        0  stm32f10x_adc.o(i.ADC_Cmd)
    i.ADC_Config                             0x08000a4c   Section        0  mq.o(i.ADC_Config)
    i.ADC_DMACmd                             0x08000b3c   Section        0  stm32f10x_adc.o(i.ADC_DMACmd)
    i.ADC_DeInit                             0x08000b54   Section        0  stm32f10x_adc.o(i.ADC_DeInit)
    i.ADC_GetResetCalibrationStatus          0x08000bb0   Section        0  stm32f10x_adc.o(i.ADC_GetResetCalibrationStatus)
    i.ADC_Init                               0x08000bc4   Section        0  stm32f10x_adc.o(i.ADC_Init)
    i.ADC_RegularChannelConfig               0x08000c14   Section        0  stm32f10x_adc.o(i.ADC_RegularChannelConfig)
    i.ADC_ResetCalibration                   0x08000ccc   Section        0  stm32f10x_adc.o(i.ADC_ResetCalibration)
    i.ADC_SoftwareStartConvCmd               0x08000cd6   Section        0  stm32f10x_adc.o(i.ADC_SoftwareStartConvCmd)
    i.AT_Init                                0x08000cec   Section        0  m26.o(i.AT_Init)
    i.Alarm_Moudle_CLOSE                     0x08000dfc   Section        0  led.o(i.Alarm_Moudle_CLOSE)
    i.Alarm_Moudle_OPEN                      0x08000e30   Section        0  led.o(i.Alarm_Moudle_OPEN)
    i.BASIC_TIM_Config                       0x08000e64   Section        0  time.o(i.BASIC_TIM_Config)
    BASIC_TIM_Config                         0x08000e65   Thumb Code    54  time.o(i.BASIC_TIM_Config)
    i.BASIC_TIM_Init                         0x08000e9a   Section        0  time.o(i.BASIC_TIM_Init)
    i.BASIC_TIM_NVIC_Config                  0x08000ea6   Section        0  time.o(i.BASIC_TIM_NVIC_Config)
    BASIC_TIM_NVIC_Config                    0x08000ea7   Thumb Code    34  time.o(i.BASIC_TIM_NVIC_Config)
    i.BusFault_Handler                       0x08000ec8   Section        0  stm32f10x_it.o(i.BusFault_Handler)
    i.Buzzer_GPIO_Config                     0x08000ecc   Section        0  led.o(i.Buzzer_GPIO_Config)
    i.Clear_Buffer                           0x08000f00   Section        0  m26.o(i.Clear_Buffer)
    i.Compare_param                          0x08000f28   Section        0  main.o(i.Compare_param)
    i.DATA_GET                               0x08000fac   Section        0  main.o(i.DATA_GET)
    i.DHT11_Check                            0x08001018   Section        0  dht11.o(i.DHT11_Check)
    i.DHT11_Read_Bit                         0x0800107c   Section        0  dht11.o(i.DHT11_Read_Bit)
    i.DHT11_Read_Byte                        0x080010c8   Section        0  dht11.o(i.DHT11_Read_Byte)
    i.DHT11_Read_Data                        0x080010e6   Section        0  dht11.o(i.DHT11_Read_Data)
    i.DHT11_Rst                              0x08001140   Section        0  dht11.o(i.DHT11_Rst)
    i.DMA_Cmd                                0x08001180   Section        0  stm32f10x_dma.o(i.DMA_Cmd)
    i.DMA_DeInit                             0x08001198   Section        0  stm32f10x_dma.o(i.DMA_DeInit)
    i.DMA_Init                               0x080012e4   Section        0  stm32f10x_dma.o(i.DMA_Init)
    i.DebugMon_Handler                       0x08001320   Section        0  stm32f10x_it.o(i.DebugMon_Handler)
    i.EXTI15_10_IRQHandler                   0x08001324   Section        0  key.o(i.EXTI15_10_IRQHandler)
    i.EXTI3_IRQHandler                       0x08001474   Section        0  key.o(i.EXTI3_IRQHandler)
    i.EXTI4_IRQHandler                       0x080015c8   Section        0  key.o(i.EXTI4_IRQHandler)
    i.EXTI9_5_IRQHandler                     0x08001620   Section        0  key.o(i.EXTI9_5_IRQHandler)
    i.EXTI_ClearITPendingBit                 0x080016c0   Section        0  stm32f10x_exti.o(i.EXTI_ClearITPendingBit)
    i.EXTI_GetITStatus                       0x080016cc   Section        0  stm32f10x_exti.o(i.EXTI_GetITStatus)
    i.EXTI_Init                              0x080016f4   Section        0  stm32f10x_exti.o(i.EXTI_Init)
    i.EXTI_Key_Config                        0x08001788   Section        0  key.o(i.EXTI_Key_Config)
    i.EXTI_NVIC_Config                       0x08001890   Section        0  key.o(i.EXTI_NVIC_Config)
    EXTI_NVIC_Config                         0x08001891   Thumb Code    66  key.o(i.EXTI_NVIC_Config)
    i.FucCheckSum                            0x080018d2   Section        0  usart.o(i.FucCheckSum)
    i.GPIO_EXTILineConfig                    0x080018f8   Section        0  stm32f10x_gpio.o(i.GPIO_EXTILineConfig)
    i.GPIO_Init                              0x08001938   Section        0  stm32f10x_gpio.o(i.GPIO_Init)
    i.GPIO_PinRemapConfig                    0x08001a50   Section        0  stm32f10x_gpio.o(i.GPIO_PinRemapConfig)
    i.GPIO_ResetBits                         0x08001ae0   Section        0  stm32f10x_gpio.o(i.GPIO_ResetBits)
    i.GPIO_SetBits                           0x08001ae4   Section        0  stm32f10x_gpio.o(i.GPIO_SetBits)
    i.HardFault_Handler                      0x08001ae8   Section        0  stm32f10x_it.o(i.HardFault_Handler)
    i.I2C_Start                              0x08001aec   Section        0  oled.o(i.I2C_Start)
    i.I2C_Stop                               0x08001b20   Section        0  oled.o(i.I2C_Stop)
    i.I2C_WaitAck                            0x08001b44   Section        0  oled.o(i.I2C_WaitAck)
    i.IIC_delay                              0x08001b70   Section        0  oled.o(i.IIC_delay)
    i.Led_GPIO_Config                        0x08001b80   Section        0  led.o(i.Led_GPIO_Config)
    i.MQTT_Init                              0x08001bcc   Section        0  m26.o(i.MQTT_Init)
    i.MemManage_Handler                      0x08001e44   Section        0  stm32f10x_it.o(i.MemManage_Handler)
    i.Menushow                               0x08001e48   Section        0  main.o(i.Menushow)
    i.NMI_Handler                            0x08002044   Section        0  stm32f10x_it.o(i.NMI_Handler)
    i.NVIC_Configuration                     0x08002046   Section        0  sys.o(i.NVIC_Configuration)
    i.NVIC_Init                              0x08002054   Section        0  misc.o(i.NVIC_Init)
    i.NVIC_PriorityGroupConfig               0x080020c4   Section        0  misc.o(i.NVIC_PriorityGroupConfig)
    i.OLED_Clear                             0x080020d8   Section        0  oled.o(i.OLED_Clear)
    i.OLED_ColorTurn                         0x08002108   Section        0  oled.o(i.OLED_ColorTurn)
    i.OLED_DisplayTurn                       0x08002124   Section        0  oled.o(i.OLED_DisplayTurn)
    i.OLED_DrawPoint                         0x08002150   Section        0  oled.o(i.OLED_DrawPoint)
    i.OLED_Init                              0x080021c8   Section        0  oled.o(i.OLED_Init)
    i.OLED_Refresh                           0x0800230c   Section        0  oled.o(i.OLED_Refresh)
    i.OLED_ShowChar                          0x08002374   Section        0  oled.o(i.OLED_ShowChar)
    i.OLED_ShowChinese                       0x080024b0   Section        0  oled.o(i.OLED_ShowChinese)
    i.OLED_ShowString                        0x080025b4   Section        0  oled.o(i.OLED_ShowString)
    i.OLED_WR_Byte                           0x080025fe   Section        0  oled.o(i.OLED_WR_Byte)
    i.OPEN_Show                              0x08002638   Section        0  main.o(i.OPEN_Show)
    i.PendSV_Handler                         0x08002760   Section        0  stm32f10x_it.o(i.PendSV_Handler)
    i.RCC_ADCCLKConfig                       0x08002764   Section        0  stm32f10x_rcc.o(i.RCC_ADCCLKConfig)
    i.RCC_AHBPeriphClockCmd                  0x0800277c   Section        0  stm32f10x_rcc.o(i.RCC_AHBPeriphClockCmd)
    i.RCC_APB1PeriphClockCmd                 0x0800279c   Section        0  stm32f10x_rcc.o(i.RCC_APB1PeriphClockCmd)
    i.RCC_APB1PeriphResetCmd                 0x080027bc   Section        0  stm32f10x_rcc.o(i.RCC_APB1PeriphResetCmd)
    i.RCC_APB2PeriphClockCmd                 0x080027dc   Section        0  stm32f10x_rcc.o(i.RCC_APB2PeriphClockCmd)
    i.RCC_APB2PeriphResetCmd                 0x080027fc   Section        0  stm32f10x_rcc.o(i.RCC_APB2PeriphResetCmd)
    i.RCC_GetClocksFreq                      0x0800281c   Section        0  stm32f10x_rcc.o(i.RCC_GetClocksFreq)
    i.Read_Mq135_Data                        0x080028f0   Section        0  mq.o(i.Read_Mq135_Data)
    i.Recv_Data                              0x08002998   Section        0  m26.o(i.Recv_Data)
    i.Relay_GPIO_Config                      0x08002a18   Section        0  led.o(i.Relay_GPIO_Config)
    i.SVC_Handler                            0x08002a4c   Section        0  stm32f10x_it.o(i.SVC_Handler)
    i.SendMessage                            0x08002a50   Section        0  m26.o(i.SendMessage)
    i.Send_Byte                              0x08002b10   Section        0  oled.o(i.Send_Byte)
    i.Send_data                              0x08002b5c   Section        0  main.o(i.Send_data)
    i.SetSysClock                            0x08002be8   Section        0  system_stm32f10x.o(i.SetSysClock)
    SetSysClock                              0x08002be9   Thumb Code     8  system_stm32f10x.o(i.SetSysClock)
    i.SetSysClockTo72                        0x08002bf0   Section        0  system_stm32f10x.o(i.SetSysClockTo72)
    SetSysClockTo72                          0x08002bf1   Thumb Code   214  system_stm32f10x.o(i.SetSysClockTo72)
    i.Swch_ctrl                              0x08002cd0   Section        0  main.o(i.Swch_ctrl)
    i.SysTick_CLKSourceConfig                0x08002d24   Section        0  misc.o(i.SysTick_CLKSourceConfig)
    i.SysTick_Handler                        0x08002d4c   Section        0  stm32f10x_it.o(i.SysTick_Handler)
    i.SystemInit                             0x08002d50   Section        0  system_stm32f10x.o(i.SystemInit)
    i.TIM2_IRQHandler                        0x08002db0   Section        0  time.o(i.TIM2_IRQHandler)
    i.TIM_ClearFlag                          0x08002df0   Section        0  stm32f10x_tim.o(i.TIM_ClearFlag)
    i.TIM_ClearITPendingBit                  0x08002df6   Section        0  stm32f10x_tim.o(i.TIM_ClearITPendingBit)
    i.TIM_Cmd                                0x08002dfc   Section        0  stm32f10x_tim.o(i.TIM_Cmd)
    i.TIM_GetITStatus                        0x08002e14   Section        0  stm32f10x_tim.o(i.TIM_GetITStatus)
    i.TIM_ITConfig                           0x08002e36   Section        0  stm32f10x_tim.o(i.TIM_ITConfig)
    i.TIM_TimeBaseInit                       0x08002e48   Section        0  stm32f10x_tim.o(i.TIM_TimeBaseInit)
    i.TimeSow                                0x08002eec   Section        0  main.o(i.TimeSow)
    i.USART1_IRQHandler                      0x08003098   Section        0  usart.o(i.USART1_IRQHandler)
    i.USART2_IRQHandler                      0x08003120   Section        0  usart.o(i.USART2_IRQHandler)
    i.USART3_IRQHandler                      0x08003180   Section        0  usart.o(i.USART3_IRQHandler)
    i.USART_ClearITPendingBit                0x080031f8   Section        0  stm32f10x_usart.o(i.USART_ClearITPendingBit)
    i.USART_Cmd                              0x08003216   Section        0  stm32f10x_usart.o(i.USART_Cmd)
    i.USART_DeInit                           0x08003230   Section        0  stm32f10x_usart.o(i.USART_DeInit)
    i.USART_GetITStatus                      0x080032cc   Section        0  stm32f10x_usart.o(i.USART_GetITStatus)
    i.USART_ITConfig                         0x08003320   Section        0  stm32f10x_usart.o(i.USART_ITConfig)
    i.USART_Init                             0x0800336c   Section        0  stm32f10x_usart.o(i.USART_Init)
    i.USART_ReceiveData                      0x08003444   Section        0  stm32f10x_usart.o(i.USART_ReceiveData)
    i.USART_SendData                         0x0800344e   Section        0  stm32f10x_usart.o(i.USART_SendData)
    i.UsageFault_Handler                     0x08003456   Section        0  stm32f10x_it.o(i.UsageFault_Handler)
    i.ValueSet                               0x0800345c   Section        0  main.o(i.ValueSet)
    i.__0printf                              0x080036b8   Section        0  printfa.o(i.__0printf)
    i.__0sprintf                             0x080036d8   Section        0  printfa.o(i.__0sprintf)
    i.__ARM_fpclassify                       0x08003700   Section        0  fpclassify.o(i.__ARM_fpclassify)
    i.__kernel_poly                          0x08003728   Section        0  poly.o(i.__kernel_poly)
    i.__mathlib_dbl_divzero                  0x080037d4   Section        0  dunder.o(i.__mathlib_dbl_divzero)
    i.__mathlib_dbl_infnan2                  0x080037e4   Section        0  dunder.o(i.__mathlib_dbl_infnan2)
    i.__mathlib_dbl_invalid                  0x080037e8   Section        0  dunder.o(i.__mathlib_dbl_invalid)
    i.__mathlib_dbl_overflow                 0x080037f4   Section        0  dunder.o(i.__mathlib_dbl_overflow)
    i.__mathlib_dbl_underflow                0x08003804   Section        0  dunder.o(i.__mathlib_dbl_underflow)
    i.__scatterload_copy                     0x08003814   Section       14  handlers.o(i.__scatterload_copy)
    i.__scatterload_null                     0x08003822   Section        2  handlers.o(i.__scatterload_null)
    i.__scatterload_zeroinit                 0x08003824   Section       14  handlers.o(i.__scatterload_zeroinit)
    i.__set_errno                            0x08003834   Section        0  errno.o(i.__set_errno)
    i._fp_digits                             0x08003840   Section        0  printfa.o(i._fp_digits)
    _fp_digits                               0x08003841   Thumb Code   366  printfa.o(i._fp_digits)
    i._printf_core                           0x080039c4   Section        0  printfa.o(i._printf_core)
    _printf_core                             0x080039c5   Thumb Code  1744  printfa.o(i._printf_core)
    i._printf_post_padding                   0x080040a0   Section        0  printfa.o(i._printf_post_padding)
    _printf_post_padding                     0x080040a1   Thumb Code    36  printfa.o(i._printf_post_padding)
    i._printf_pre_padding                    0x080040c4   Section        0  printfa.o(i._printf_pre_padding)
    _printf_pre_padding                      0x080040c5   Thumb Code    46  printfa.o(i._printf_pre_padding)
    i._sputc                                 0x080040f2   Section        0  printfa.o(i._sputc)
    _sputc                                   0x080040f3   Thumb Code    10  printfa.o(i._sputc)
    i.delay_init                             0x080040fc   Section        0  delay.o(i.delay_init)
    i.delay_ms                               0x08004140   Section        0  delay.o(i.delay_ms)
    i.delay_us                               0x0800418c   Section        0  delay.o(i.delay_us)
    i.fputc                                  0x080041d8   Section        0  usart.o(i.fputc)
    i.main                                   0x080041f4   Section        0  main.o(i.main)
    i.pow                                    0x0800428c   Section        0  pow.o(i.pow)
    i.sqrt                                   0x08004c64   Section        0  sqrt.o(i.sqrt)
    i.uart1_init                             0x08004cb0   Section        0  usart.o(i.uart1_init)
    i.uart2_init                             0x08004d64   Section        0  usart.o(i.uart2_init)
    i.uart3_init                             0x08004e0c   Section        0  usart.o(i.uart3_init)
    .constdata                               0x08004ec4   Section     8304  oled.o(.constdata)
    .constdata                               0x08006f38   Section      136  pow.o(.constdata)
    bp                                       0x08006f38   Data          16  pow.o(.constdata)
    dp_h                                     0x08006f48   Data          16  pow.o(.constdata)
    dp_l                                     0x08006f58   Data          16  pow.o(.constdata)
    L                                        0x08006f68   Data          48  pow.o(.constdata)
    P                                        0x08006f98   Data          40  pow.o(.constdata)
    .constdata                               0x08006fc0   Section        8  qnan.o(.constdata)
    .conststring                             0x08006fc8   Section      151  m26.o(.conststring)
    .data                                    0x20000000   Section       20  system_stm32f10x.o(.data)
    .data                                    0x20000014   Section       20  stm32f10x_rcc.o(.data)
    APBAHBPrescTable                         0x20000014   Data          16  stm32f10x_rcc.o(.data)
    ADCPrescTable                            0x20000024   Data           4  stm32f10x_rcc.o(.data)
    .data                                    0x20000028   Section        1  led.o(.data)
    .data                                    0x2000002c   Section        8  m26.o(.data)
    .data                                    0x20000034   Section       16  mq.o(.data)
    R01                                      0x2000003c   Data           4  mq.o(.data)
    R02                                      0x20000040   Data           4  mq.o(.data)
    .data                                    0x20000044   Section        1  key.o(.data)
    .data                                    0x20000045   Section        4  time.o(.data)
    .data                                    0x2000004c   Section       36  main.o(.data)
    .data                                    0x20000070   Section        4  delay.o(.data)
    fac_us                                   0x20000070   Data           1  delay.o(.data)
    fac_ms                                   0x20000072   Data           2  delay.o(.data)
    .data                                    0x20000074   Section       16  usart.o(.data)
    i                                        0x20000080   Data           4  usart.o(.data)
    .data                                    0x20000084   Section        4  errno.o(.data)
    _errno                                   0x20000084   Data           4  errno.o(.data)
    .bss                                     0x20000088   Section     1152  oled.o(.bss)
    .bss                                     0x20000508   Section       10  main.o(.bss)
    .bss                                     0x20000512   Section     5409  usart.o(.bss)
    STACK                                    0x20001a38   Section     1024  startup_stm32f10x_hd.o(STACK)

    Global Symbols

    Symbol Name                              Value     Ov Type        Size  Object(Section)

    BuildAttributes$$THM_ISAv4$P$D$K$B$S$PE$A:L22UL41UL21$X:L11$S22US41US21$IEEE1$IW$USESV6$~STKCKD$USESV7$~SHL$OTIME$ROPI$IEEEX$EBA8$MICROLIB$REQ8$PRES8$EABIv2 0x00000000   Number         0  anon$$obj.o ABSOLUTE
    __ARM_use_no_argv                        0x00000000   Number         0  main.o ABSOLUTE
    __use_no_errno                           0x00000000   Number         0  useno.o ABSOLUTE
    __use_no_exception_handling              0x00000000   Number         0  useno.o ABSOLUTE
    __use_no_fp                              0x00000000   Number         0  useno.o ABSOLUTE
    __use_no_heap                            0x00000000   Number         0  useno.o ABSOLUTE
    __use_no_heap_region                     0x00000000   Number         0  useno.o ABSOLUTE
    __use_no_semihosting                     0x00000000   Number         0  useno.o ABSOLUTE
    __use_no_semihosting_swi                 0x00000000   Number         0  useno.o ABSOLUTE
    __use_no_signal_handling                 0x00000000   Number         0  useno.o ABSOLUTE
    _printf_a                                0x00000000   Number         0  stubs.o ABSOLUTE
    _printf_c                                0x00000000   Number         0  stubs.o ABSOLUTE
    _printf_charcount                        0x00000000   Number         0  stubs.o ABSOLUTE
    _printf_d                                0x00000000   Number         0  stubs.o ABSOLUTE
    _printf_e                                0x00000000   Number         0  stubs.o ABSOLUTE
    _printf_f                                0x00000000   Number         0  stubs.o ABSOLUTE
    _printf_flags                            0x00000000   Number         0  stubs.o ABSOLUTE
    _printf_fp_dec                           0x00000000   Number         0  stubs.o ABSOLUTE
    _printf_fp_hex                           0x00000000   Number         0  stubs.o ABSOLUTE
    _printf_g                                0x00000000   Number         0  stubs.o ABSOLUTE
    _printf_i                                0x00000000   Number         0  stubs.o ABSOLUTE
    _printf_int_dec                          0x00000000   Number         0  stubs.o ABSOLUTE
    _printf_l                                0x00000000   Number         0  stubs.o ABSOLUTE
    _printf_lc                               0x00000000   Number         0  stubs.o ABSOLUTE
    _printf_ll                               0x00000000   Number         0  stubs.o ABSOLUTE
    _printf_lld                              0x00000000   Number         0  stubs.o ABSOLUTE
    _printf_lli                              0x00000000   Number         0  stubs.o ABSOLUTE
    _printf_llo                              0x00000000   Number         0  stubs.o ABSOLUTE
    _printf_llu                              0x00000000   Number         0  stubs.o ABSOLUTE
    _printf_llx                              0x00000000   Number         0  stubs.o ABSOLUTE
    _printf_longlong_dec                     0x00000000   Number         0  stubs.o ABSOLUTE
    _printf_longlong_hex                     0x00000000   Number         0  stubs.o ABSOLUTE
    _printf_longlong_oct                     0x00000000   Number         0  stubs.o ABSOLUTE
    _printf_ls                               0x00000000   Number         0  stubs.o ABSOLUTE
    _printf_mbtowc                           0x00000000   Number         0  stubs.o ABSOLUTE
    _printf_n                                0x00000000   Number         0  stubs.o ABSOLUTE
    _printf_o                                0x00000000   Number         0  stubs.o ABSOLUTE
    _printf_p                                0x00000000   Number         0  stubs.o ABSOLUTE
    _printf_percent                          0x00000000   Number         0  stubs.o ABSOLUTE
    _printf_pre_padding                      0x00000000   Number         0  stubs.o ABSOLUTE
    _printf_return_value                     0x00000000   Number         0  stubs.o ABSOLUTE
    _printf_s                                0x00000000   Number         0  stubs.o ABSOLUTE
    _printf_sizespec                         0x00000000   Number         0  stubs.o ABSOLUTE
    _printf_str                              0x00000000   Number         0  stubs.o ABSOLUTE
    _printf_truncate_signed                  0x00000000   Number         0  stubs.o ABSOLUTE
    _printf_truncate_unsigned                0x00000000   Number         0  stubs.o ABSOLUTE
    _printf_u                                0x00000000   Number         0  stubs.o ABSOLUTE
    _printf_wc                               0x00000000   Number         0  stubs.o ABSOLUTE
    _printf_wctomb                           0x00000000   Number         0  stubs.o ABSOLUTE
    _printf_widthprec                        0x00000000   Number         0  stubs.o ABSOLUTE
    _printf_x                                0x00000000   Number         0  stubs.o ABSOLUTE
    __cpp_initialize__aeabi_                  - Undefined Weak Reference
    __cxa_finalize                            - Undefined Weak Reference
    __decompress                              - Undefined Weak Reference
    _clock_init                               - Undefined Weak Reference
    _microlib_exit                            - Undefined Weak Reference
    __Vectors_Size                           0x00000130   Number         0  startup_stm32f10x_hd.o ABSOLUTE
    __Vectors                                0x08000000   Data           4  startup_stm32f10x_hd.o(RESET)
    __Vectors_End                            0x08000130   Data           0  startup_stm32f10x_hd.o(RESET)
    __main                                   0x08000131   Thumb Code     0  entry.o(.ARM.Collect$$$$00000000)
    _main_stk                                0x08000131   Thumb Code     0  entry2.o(.ARM.Collect$$$$00000001)
    _main_scatterload                        0x08000135   Thumb Code     0  entry5.o(.ARM.Collect$$$$00000004)
    __main_after_scatterload                 0x08000139   Thumb Code     0  entry5.o(.ARM.Collect$$$$00000004)
    _main_clock                              0x08000139   Thumb Code     0  entry7b.o(.ARM.Collect$$$$00000008)
    _main_cpp_init                           0x08000139   Thumb Code     0  entry8b.o(.ARM.Collect$$$$0000000A)
    _main_init                               0x08000139   Thumb Code     0  entry9a.o(.ARM.Collect$$$$0000000B)
    __rt_final_cpp                           0x08000141   Thumb Code     0  entry10a.o(.ARM.Collect$$$$0000000D)
    __rt_final_exit                          0x08000141   Thumb Code     0  entry11a.o(.ARM.Collect$$$$0000000F)
    Reset_Handler                            0x08000145   Thumb Code     8  startup_stm32f10x_hd.o(.text)
    ADC1_2_IRQHandler                        0x0800015f   Thumb Code     0  startup_stm32f10x_hd.o(.text)
    ADC3_IRQHandler                          0x0800015f   Thumb Code     0  startup_stm32f10x_hd.o(.text)
    CAN1_RX1_IRQHandler                      0x0800015f   Thumb Code     0  startup_stm32f10x_hd.o(.text)
    CAN1_SCE_IRQHandler                      0x0800015f   Thumb Code     0  startup_stm32f10x_hd.o(.text)
    DMA1_Channel1_IRQHandler                 0x0800015f   Thumb Code     0  startup_stm32f10x_hd.o(.text)
    DMA1_Channel2_IRQHandler                 0x0800015f   Thumb Code     0  startup_stm32f10x_hd.o(.text)
    DMA1_Channel3_IRQHandler                 0x0800015f   Thumb Code     0  startup_stm32f10x_hd.o(.text)
    DMA1_Channel4_IRQHandler                 0x0800015f   Thumb Code     0  startup_stm32f10x_hd.o(.text)
    DMA1_Channel5_IRQHandler                 0x0800015f   Thumb Code     0  startup_stm32f10x_hd.o(.text)
    DMA1_Channel6_IRQHandler                 0x0800015f   Thumb Code     0  startup_stm32f10x_hd.o(.text)
    DMA1_Channel7_IRQHandler                 0x0800015f   Thumb Code     0  startup_stm32f10x_hd.o(.text)
    DMA2_Channel1_IRQHandler                 0x0800015f   Thumb Code     0  startup_stm32f10x_hd.o(.text)
    DMA2_Channel2_IRQHandler                 0x0800015f   Thumb Code     0  startup_stm32f10x_hd.o(.text)
    DMA2_Channel3_IRQHandler                 0x0800015f   Thumb Code     0  startup_stm32f10x_hd.o(.text)
    DMA2_Channel4_5_IRQHandler               0x0800015f   Thumb Code     0  startup_stm32f10x_hd.o(.text)
    EXTI0_IRQHandler                         0x0800015f   Thumb Code     0  startup_stm32f10x_hd.o(.text)
    EXTI1_IRQHandler                         0x0800015f   Thumb Code     0  startup_stm32f10x_hd.o(.text)
    EXTI2_IRQHandler                         0x0800015f   Thumb Code     0  startup_stm32f10x_hd.o(.text)
    FLASH_IRQHandler                         0x0800015f   Thumb Code     0  startup_stm32f10x_hd.o(.text)
    FSMC_IRQHandler                          0x0800015f   Thumb Code     0  startup_stm32f10x_hd.o(.text)
    I2C1_ER_IRQHandler                       0x0800015f   Thumb Code     0  startup_stm32f10x_hd.o(.text)
    I2C1_EV_IRQHandler                       0x0800015f   Thumb Code     0  startup_stm32f10x_hd.o(.text)
    I2C2_ER_IRQHandler                       0x0800015f   Thumb Code     0  startup_stm32f10x_hd.o(.text)
    I2C2_EV_IRQHandler                       0x0800015f   Thumb Code     0  startup_stm32f10x_hd.o(.text)
    PVD_IRQHandler                           0x0800015f   Thumb Code     0  startup_stm32f10x_hd.o(.text)
    RCC_IRQHandler                           0x0800015f   Thumb Code     0  startup_stm32f10x_hd.o(.text)
    RTCAlarm_IRQHandler                      0x0800015f   Thumb Code     0  startup_stm32f10x_hd.o(.text)
    RTC_IRQHandler                           0x0800015f   Thumb Code     0  startup_stm32f10x_hd.o(.text)
    SDIO_IRQHandler                          0x0800015f   Thumb Code     0  startup_stm32f10x_hd.o(.text)
    SPI1_IRQHandler                          0x0800015f   Thumb Code     0  startup_stm32f10x_hd.o(.text)
    SPI2_IRQHandler                          0x0800015f   Thumb Code     0  startup_stm32f10x_hd.o(.text)
    SPI3_IRQHandler                          0x0800015f   Thumb Code     0  startup_stm32f10x_hd.o(.text)
    TAMPER_IRQHandler                        0x0800015f   Thumb Code     0  startup_stm32f10x_hd.o(.text)
    TIM1_BRK_IRQHandler                      0x0800015f   Thumb Code     0  startup_stm32f10x_hd.o(.text)
    TIM1_CC_IRQHandler                       0x0800015f   Thumb Code     0  startup_stm32f10x_hd.o(.text)
    TIM1_TRG_COM_IRQHandler                  0x0800015f   Thumb Code     0  startup_stm32f10x_hd.o(.text)
    TIM1_UP_IRQHandler                       0x0800015f   Thumb Code     0  startup_stm32f10x_hd.o(.text)
    TIM3_IRQHandler                          0x0800015f   Thumb Code     0  startup_stm32f10x_hd.o(.text)
    TIM4_IRQHandler                          0x0800015f   Thumb Code     0  startup_stm32f10x_hd.o(.text)
    TIM5_IRQHandler                          0x0800015f   Thumb Code     0  startup_stm32f10x_hd.o(.text)
    TIM6_IRQHandler                          0x0800015f   Thumb Code     0  startup_stm32f10x_hd.o(.text)
    TIM7_IRQHandler                          0x0800015f   Thumb Code     0  startup_stm32f10x_hd.o(.text)
    TIM8_BRK_IRQHandler                      0x0800015f   Thumb Code     0  startup_stm32f10x_hd.o(.text)
    TIM8_CC_IRQHandler                       0x0800015f   Thumb Code     0  startup_stm32f10x_hd.o(.text)
    TIM8_TRG_COM_IRQHandler                  0x0800015f   Thumb Code     0  startup_stm32f10x_hd.o(.text)
    TIM8_UP_IRQHandler                       0x0800015f   Thumb Code     0  startup_stm32f10x_hd.o(.text)
    UART4_IRQHandler                         0x0800015f   Thumb Code     0  startup_stm32f10x_hd.o(.text)
    UART5_IRQHandler                         0x0800015f   Thumb Code     0  startup_stm32f10x_hd.o(.text)
    USBWakeUp_IRQHandler                     0x0800015f   Thumb Code     0  startup_stm32f10x_hd.o(.text)
    USB_HP_CAN1_TX_IRQHandler                0x0800015f   Thumb Code     0  startup_stm32f10x_hd.o(.text)
    USB_LP_CAN1_RX0_IRQHandler               0x0800015f   Thumb Code     0  startup_stm32f10x_hd.o(.text)
    WWDG_IRQHandler                          0x0800015f   Thumb Code     0  startup_stm32f10x_hd.o(.text)
    __aeabi_memset                           0x08000169   Thumb Code    14  memseta.o(.text)
    __aeabi_memset4                          0x08000169   Thumb Code     0  memseta.o(.text)
    __aeabi_memset8                          0x08000169   Thumb Code     0  memseta.o(.text)
    __aeabi_memclr                           0x08000177   Thumb Code     4  memseta.o(.text)
    __aeabi_memclr4                          0x08000177   Thumb Code     0  memseta.o(.text)
    __aeabi_memclr8                          0x08000177   Thumb Code     0  memseta.o(.text)
    _memset$wrapper                          0x0800017b   Thumb Code    18  memseta.o(.text)
    strstr                                   0x0800018d   Thumb Code    36  strstr.o(.text)
    __aeabi_fadd                             0x080001b1   Thumb Code   164  fadd.o(.text)
    __aeabi_fsub                             0x08000255   Thumb Code     6  fadd.o(.text)
    __aeabi_frsub                            0x0800025b   Thumb Code     6  fadd.o(.text)
    __aeabi_fdiv                             0x08000261   Thumb Code   124  fdiv.o(.text)
    __aeabi_dadd                             0x080002dd   Thumb Code   322  dadd.o(.text)
    __aeabi_dsub                             0x0800041f   Thumb Code     6  dadd.o(.text)
    __aeabi_drsub                            0x08000425   Thumb Code     6  dadd.o(.text)
    __aeabi_dmul                             0x0800042b   Thumb Code   228  dmul.o(.text)
    __aeabi_ddiv                             0x0800050f   Thumb Code   222  ddiv.o(.text)
    __aeabi_i2f                              0x080005ed   Thumb Code    18  fflti.o(.text)
    __aeabi_ui2f                             0x080005ff   Thumb Code    10  ffltui.o(.text)
    __aeabi_i2d                              0x08000609   Thumb Code    34  dflti.o(.text)
    __aeabi_f2d                              0x0800062b   Thumb Code    38  f2d.o(.text)
    __aeabi_d2f                              0x08000651   Thumb Code    56  d2f.o(.text)
    __aeabi_cfcmpeq                          0x08000689   Thumb Code     0  cfcmple.o(.text)
    __aeabi_cfcmple                          0x08000689   Thumb Code    20  cfcmple.o(.text)
    __aeabi_cfrcmple                         0x0800069d   Thumb Code    20  cfrcmple.o(.text)
    __aeabi_uidiv                            0x080006b1   Thumb Code     0  uidiv.o(.text)
    __aeabi_uidivmod                         0x080006b1   Thumb Code    44  uidiv.o(.text)
    __aeabi_uldivmod                         0x080006dd   Thumb Code    98  uldiv.o(.text)
    __aeabi_llsl                             0x0800073f   Thumb Code    30  llshl.o(.text)
    _ll_shift_l                              0x0800073f   Thumb Code     0  llshl.o(.text)
    __aeabi_llsr                             0x0800075d   Thumb Code    32  llushr.o(.text)
    _ll_ushift_r                             0x0800075d   Thumb Code     0  llushr.o(.text)
    __aeabi_lasr                             0x0800077d   Thumb Code    36  llsshr.o(.text)
    _ll_sshift_r                             0x0800077d   Thumb Code     0  llsshr.o(.text)
    __I$use$fp                               0x080007a1   Thumb Code     0  iusefp.o(.text)
    _float_round                             0x080007a1   Thumb Code    18  fepilogue.o(.text)
    _float_epilogue                          0x080007b3   Thumb Code    92  fepilogue.o(.text)
    _double_round                            0x0800080f   Thumb Code    30  depilogue.o(.text)
    _double_epilogue                         0x0800082d   Thumb Code   156  depilogue.o(.text)
    __ARM_scalbn                             0x080008c9   Thumb Code    46  dscalb.o(.text)
    scalbn                                   0x080008c9   Thumb Code     0  dscalb.o(.text)
    __aeabi_d2ulz                            0x080008f7   Thumb Code    48  dfixul.o(.text)
    __aeabi_cdrcmple                         0x08000929   Thumb Code    48  cdrcmple.o(.text)
    __scatterload                            0x08000959   Thumb Code    28  init.o(.text)
    __scatterload_rt2                        0x08000959   Thumb Code     0  init.o(.text)
    _dsqrt                                   0x0800097d   Thumb Code   162  dsqrt.o(.text)
    ADCInit                                  0x08000a21   Thumb Code    16  mq.o(i.ADCInit)
    ADC_Cmd                                  0x08000a35   Thumb Code    22  stm32f10x_adc.o(i.ADC_Cmd)
    ADC_Config                               0x08000a4d   Thumb Code   224  mq.o(i.ADC_Config)
    ADC_DMACmd                               0x08000b3d   Thumb Code    22  stm32f10x_adc.o(i.ADC_DMACmd)
    ADC_DeInit                               0x08000b55   Thumb Code    78  stm32f10x_adc.o(i.ADC_DeInit)
    ADC_GetResetCalibrationStatus            0x08000bb1   Thumb Code    20  stm32f10x_adc.o(i.ADC_GetResetCalibrationStatus)
    ADC_Init                                 0x08000bc5   Thumb Code    70  stm32f10x_adc.o(i.ADC_Init)
    ADC_RegularChannelConfig                 0x08000c15   Thumb Code   184  stm32f10x_adc.o(i.ADC_RegularChannelConfig)
    ADC_ResetCalibration                     0x08000ccd   Thumb Code    10  stm32f10x_adc.o(i.ADC_ResetCalibration)
    ADC_SoftwareStartConvCmd                 0x08000cd7   Thumb Code    22  stm32f10x_adc.o(i.ADC_SoftwareStartConvCmd)
    AT_Init                                  0x08000ced   Thumb Code   190  m26.o(i.AT_Init)
    Alarm_Moudle_CLOSE                       0x08000dfd   Thumb Code    40  led.o(i.Alarm_Moudle_CLOSE)
    Alarm_Moudle_OPEN                        0x08000e31   Thumb Code    40  led.o(i.Alarm_Moudle_OPEN)
    BASIC_TIM_Init                           0x08000e9b   Thumb Code    12  time.o(i.BASIC_TIM_Init)
    BusFault_Handler                         0x08000ec9   Thumb Code     4  stm32f10x_it.o(i.BusFault_Handler)
    Buzzer_GPIO_Config                       0x08000ecd   Thumb Code    46  led.o(i.Buzzer_GPIO_Config)
    Clear_Buffer                             0x08000f01   Thumb Code    30  m26.o(i.Clear_Buffer)
    Compare_param                            0x08000f29   Thumb Code    96  main.o(i.Compare_param)
    DATA_GET                                 0x08000fad   Thumb Code    80  main.o(i.DATA_GET)
    DHT11_Check                              0x08001019   Thumb Code    92  dht11.o(i.DHT11_Check)
    DHT11_Read_Bit                           0x0800107d   Thumb Code    70  dht11.o(i.DHT11_Read_Bit)
    DHT11_Read_Byte                          0x080010c9   Thumb Code    30  dht11.o(i.DHT11_Read_Byte)
    DHT11_Read_Data                          0x080010e7   Thumb Code    88  dht11.o(i.DHT11_Read_Data)
    DHT11_Rst                                0x08001141   Thumb Code    52  dht11.o(i.DHT11_Rst)
    DMA_Cmd                                  0x08001181   Thumb Code    24  stm32f10x_dma.o(i.DMA_Cmd)
    DMA_DeInit                               0x08001199   Thumb Code   324  stm32f10x_dma.o(i.DMA_DeInit)
    DMA_Init                                 0x080012e5   Thumb Code    60  stm32f10x_dma.o(i.DMA_Init)
    DebugMon_Handler                         0x08001321   Thumb Code     2  stm32f10x_it.o(i.DebugMon_Handler)
    EXTI15_10_IRQHandler                     0x08001325   Thumb Code   286  key.o(i.EXTI15_10_IRQHandler)
    EXTI3_IRQHandler                         0x08001475   Thumb Code   286  key.o(i.EXTI3_IRQHandler)
    EXTI4_IRQHandler                         0x080015c9   Thumb Code    72  key.o(i.EXTI4_IRQHandler)
    EXTI9_5_IRQHandler                       0x08001621   Thumb Code   136  key.o(i.EXTI9_5_IRQHandler)
    EXTI_ClearITPendingBit                   0x080016c1   Thumb Code     6  stm32f10x_exti.o(i.EXTI_ClearITPendingBit)
    EXTI_GetITStatus                         0x080016cd   Thumb Code    34  stm32f10x_exti.o(i.EXTI_GetITStatus)
    EXTI_Init                                0x080016f5   Thumb Code   142  stm32f10x_exti.o(i.EXTI_Init)
    EXTI_Key_Config                          0x08001789   Thumb Code   252  key.o(i.EXTI_Key_Config)
    FucCheckSum                              0x080018d3   Thumb Code    38  usart.o(i.FucCheckSum)
    GPIO_EXTILineConfig                      0x080018f9   Thumb Code    60  stm32f10x_gpio.o(i.GPIO_EXTILineConfig)
    GPIO_Init                                0x08001939   Thumb Code   278  stm32f10x_gpio.o(i.GPIO_Init)
    GPIO_PinRemapConfig                      0x08001a51   Thumb Code   138  stm32f10x_gpio.o(i.GPIO_PinRemapConfig)
    GPIO_ResetBits                           0x08001ae1   Thumb Code     4  stm32f10x_gpio.o(i.GPIO_ResetBits)
    GPIO_SetBits                             0x08001ae5   Thumb Code     4  stm32f10x_gpio.o(i.GPIO_SetBits)
    HardFault_Handler                        0x08001ae9   Thumb Code     4  stm32f10x_it.o(i.HardFault_Handler)
    I2C_Start                                0x08001aed   Thumb Code    48  oled.o(i.I2C_Start)
    I2C_Stop                                 0x08001b21   Thumb Code    32  oled.o(i.I2C_Stop)
    I2C_WaitAck                              0x08001b45   Thumb Code    40  oled.o(i.I2C_WaitAck)
    IIC_delay                                0x08001b71   Thumb Code    16  oled.o(i.IIC_delay)
    Led_GPIO_Config                          0x08001b81   Thumb Code    66  led.o(i.Led_GPIO_Config)
    MQTT_Init                                0x08001bcd   Thumb Code   302  m26.o(i.MQTT_Init)
    MemManage_Handler                        0x08001e45   Thumb Code     4  stm32f10x_it.o(i.MemManage_Handler)
    Menushow                                 0x08001e49   Thumb Code   484  main.o(i.Menushow)
    NMI_Handler                              0x08002045   Thumb Code     2  stm32f10x_it.o(i.NMI_Handler)
    NVIC_Configuration                       0x08002047   Thumb Code    12  sys.o(i.NVIC_Configuration)
    NVIC_Init                                0x08002055   Thumb Code   100  misc.o(i.NVIC_Init)
    NVIC_PriorityGroupConfig                 0x080020c5   Thumb Code    10  misc.o(i.NVIC_PriorityGroupConfig)
    OLED_Clear                               0x080020d9   Thumb Code    42  oled.o(i.OLED_Clear)
    OLED_ColorTurn                           0x08002109   Thumb Code    28  oled.o(i.OLED_ColorTurn)
    OLED_DisplayTurn                         0x08002125   Thumb Code    44  oled.o(i.OLED_DisplayTurn)
    OLED_DrawPoint                           0x08002151   Thumb Code   114  oled.o(i.OLED_DrawPoint)
    OLED_Init                                0x080021c9   Thumb Code   314  oled.o(i.OLED_Init)
    OLED_Refresh                             0x0800230d   Thumb Code   100  oled.o(i.OLED_Refresh)
    OLED_ShowChar                            0x08002375   Thumb Code   300  oled.o(i.OLED_ShowChar)
    OLED_ShowChinese                         0x080024b1   Thumb Code   244  oled.o(i.OLED_ShowChinese)
    OLED_ShowString                          0x080025b5   Thumb Code    74  oled.o(i.OLED_ShowString)
    OLED_WR_Byte                             0x080025ff   Thumb Code    56  oled.o(i.OLED_WR_Byte)
    OPEN_Show                                0x08002639   Thumb Code   240  main.o(i.OPEN_Show)
    PendSV_Handler                           0x08002761   Thumb Code     2  stm32f10x_it.o(i.PendSV_Handler)
    RCC_ADCCLKConfig                         0x08002765   Thumb Code    18  stm32f10x_rcc.o(i.RCC_ADCCLKConfig)
    RCC_AHBPeriphClockCmd                    0x0800277d   Thumb Code    26  stm32f10x_rcc.o(i.RCC_AHBPeriphClockCmd)
    RCC_APB1PeriphClockCmd                   0x0800279d   Thumb Code    26  stm32f10x_rcc.o(i.RCC_APB1PeriphClockCmd)
    RCC_APB1PeriphResetCmd                   0x080027bd   Thumb Code    26  stm32f10x_rcc.o(i.RCC_APB1PeriphResetCmd)
    RCC_APB2PeriphClockCmd                   0x080027dd   Thumb Code    26  stm32f10x_rcc.o(i.RCC_APB2PeriphClockCmd)
    RCC_APB2PeriphResetCmd                   0x080027fd   Thumb Code    26  stm32f10x_rcc.o(i.RCC_APB2PeriphResetCmd)
    RCC_GetClocksFreq                        0x0800281d   Thumb Code   192  stm32f10x_rcc.o(i.RCC_GetClocksFreq)
    Read_Mq135_Data                          0x080028f1   Thumb Code   134  mq.o(i.Read_Mq135_Data)
    Recv_Data                                0x08002999   Thumb Code    92  m26.o(i.Recv_Data)
    Relay_GPIO_Config                        0x08002a19   Thumb Code    46  led.o(i.Relay_GPIO_Config)
    SVC_Handler                              0x08002a4d   Thumb Code     2  stm32f10x_it.o(i.SVC_Handler)
    SendMessage                              0x08002a51   Thumb Code   110  m26.o(i.SendMessage)
    Send_Byte                                0x08002b11   Thumb Code    70  oled.o(i.Send_Byte)
    Send_data                                0x08002b5d   Thumb Code    98  main.o(i.Send_data)
    Swch_ctrl                                0x08002cd1   Thumb Code    68  main.o(i.Swch_ctrl)
    SysTick_CLKSourceConfig                  0x08002d25   Thumb Code    40  misc.o(i.SysTick_CLKSourceConfig)
    SysTick_Handler                          0x08002d4d   Thumb Code     2  stm32f10x_it.o(i.SysTick_Handler)
    SystemInit                               0x08002d51   Thumb Code    78  system_stm32f10x.o(i.SystemInit)
    TIM2_IRQHandler                          0x08002db1   Thumb Code    54  time.o(i.TIM2_IRQHandler)
    TIM_ClearFlag                            0x08002df1   Thumb Code     6  stm32f10x_tim.o(i.TIM_ClearFlag)
    TIM_ClearITPendingBit                    0x08002df7   Thumb Code     6  stm32f10x_tim.o(i.TIM_ClearITPendingBit)
    TIM_Cmd                                  0x08002dfd   Thumb Code    24  stm32f10x_tim.o(i.TIM_Cmd)
    TIM_GetITStatus                          0x08002e15   Thumb Code    34  stm32f10x_tim.o(i.TIM_GetITStatus)
    TIM_ITConfig                             0x08002e37   Thumb Code    18  stm32f10x_tim.o(i.TIM_ITConfig)
    TIM_TimeBaseInit                         0x08002e49   Thumb Code   122  stm32f10x_tim.o(i.TIM_TimeBaseInit)
    TimeSow                                  0x08002eed   Thumb Code   318  main.o(i.TimeSow)
    USART1_IRQHandler                        0x08003099   Thumb Code   122  usart.o(i.USART1_IRQHandler)
    USART2_IRQHandler                        0x08003121   Thumb Code    80  usart.o(i.USART2_IRQHandler)
    USART3_IRQHandler                        0x08003181   Thumb Code   104  usart.o(i.USART3_IRQHandler)
    USART_ClearITPendingBit                  0x080031f9   Thumb Code    30  stm32f10x_usart.o(i.USART_ClearITPendingBit)
    USART_Cmd                                0x08003217   Thumb Code    24  stm32f10x_usart.o(i.USART_Cmd)
    USART_DeInit                             0x08003231   Thumb Code   134  stm32f10x_usart.o(i.USART_DeInit)
    USART_GetITStatus                        0x080032cd   Thumb Code    84  stm32f10x_usart.o(i.USART_GetITStatus)
    USART_ITConfig                           0x08003321   Thumb Code    74  stm32f10x_usart.o(i.USART_ITConfig)
    USART_Init                               0x0800336d   Thumb Code   210  stm32f10x_usart.o(i.USART_Init)
    USART_ReceiveData                        0x08003445   Thumb Code    10  stm32f10x_usart.o(i.USART_ReceiveData)
    USART_SendData                           0x0800344f   Thumb Code     8  stm32f10x_usart.o(i.USART_SendData)
    UsageFault_Handler                       0x08003457   Thumb Code     4  stm32f10x_it.o(i.UsageFault_Handler)
    ValueSet                                 0x0800345d   Thumb Code   514  main.o(i.ValueSet)
    __0printf                                0x080036b9   Thumb Code    22  printfa.o(i.__0printf)
    __1printf                                0x080036b9   Thumb Code     0  printfa.o(i.__0printf)
    __2printf                                0x080036b9   Thumb Code     0  printfa.o(i.__0printf)
    __c89printf                              0x080036b9   Thumb Code     0  printfa.o(i.__0printf)
    printf                                   0x080036b9   Thumb Code     0  printfa.o(i.__0printf)
    __0sprintf                               0x080036d9   Thumb Code    34  printfa.o(i.__0sprintf)
    __1sprintf                               0x080036d9   Thumb Code     0  printfa.o(i.__0sprintf)
    __2sprintf                               0x080036d9   Thumb Code     0  printfa.o(i.__0sprintf)
    __c89sprintf                             0x080036d9   Thumb Code     0  printfa.o(i.__0sprintf)
    sprintf                                  0x080036d9   Thumb Code     0  printfa.o(i.__0sprintf)
    __ARM_fpclassify                         0x08003701   Thumb Code    40  fpclassify.o(i.__ARM_fpclassify)
    __kernel_poly                            0x08003729   Thumb Code   170  poly.o(i.__kernel_poly)
    __mathlib_dbl_divzero                    0x080037d5   Thumb Code    12  dunder.o(i.__mathlib_dbl_divzero)
    __mathlib_dbl_infnan2                    0x080037e5   Thumb Code     4  dunder.o(i.__mathlib_dbl_infnan2)
    __mathlib_dbl_invalid                    0x080037e9   Thumb Code    12  dunder.o(i.__mathlib_dbl_invalid)
    __mathlib_dbl_overflow                   0x080037f5   Thumb Code    14  dunder.o(i.__mathlib_dbl_overflow)
    __mathlib_dbl_underflow                  0x08003805   Thumb Code    10  dunder.o(i.__mathlib_dbl_underflow)
    __scatterload_copy                       0x08003815   Thumb Code    14  handlers.o(i.__scatterload_copy)
    __scatterload_null                       0x08003823   Thumb Code     2  handlers.o(i.__scatterload_null)
    __scatterload_zeroinit                   0x08003825   Thumb Code    14  handlers.o(i.__scatterload_zeroinit)
    __set_errno                              0x08003835   Thumb Code     6  errno.o(i.__set_errno)
    delay_init                               0x080040fd   Thumb Code    50  delay.o(i.delay_init)
    delay_ms                                 0x08004141   Thumb Code    72  delay.o(i.delay_ms)
    delay_us                                 0x0800418d   Thumb Code    72  delay.o(i.delay_us)
    fputc                                    0x080041d9   Thumb Code    24  usart.o(i.fputc)
    main                                     0x080041f5   Thumb Code   146  main.o(i.main)
    pow                                      0x0800428d   Thumb Code  2512  pow.o(i.pow)
    sqrt                                     0x08004c65   Thumb Code    76  sqrt.o(i.sqrt)
    uart1_init                               0x08004cb1   Thumb Code   170  usart.o(i.uart1_init)
    uart2_init                               0x08004d65   Thumb Code   160  usart.o(i.uart2_init)
    uart3_init                               0x08004e0d   Thumb Code   174  usart.o(i.uart3_init)
    asc2_0806                                0x08004ec4   Data         552  oled.o(.constdata)
    asc2_1206                                0x080050ec   Data        1140  oled.o(.constdata)
    asc2_1608                                0x08005560   Data        1520  oled.o(.constdata)
    asc2_2412                                0x08005b50   Data        3420  oled.o(.constdata)
    Hzk1                                     0x080068ac   Data         960  oled.o(.constdata)
    Hzk2                                     0x08006c6c   Data          72  oled.o(.constdata)
    Hzk3                                     0x08006cb4   Data         128  oled.o(.constdata)
    Hzk4                                     0x08006d34   Data         512  oled.o(.constdata)
    __mathlib_zero                           0x08006fc0   Data           8  qnan.o(.constdata)
    Region$$Table$$Base                      0x08007060   Number         0  anon$$obj.o(Region$$Table)
    Region$$Table$$Limit                     0x08007080   Number         0  anon$$obj.o(Region$$Table)
    SystemCoreClock                          0x20000000   Data           4  system_stm32f10x.o(.data)
    AHBPrescTable                            0x20000004   Data          16  system_stm32f10x.o(.data)
    alarm                                    0x20000028   Data           1  led.o(.data)
    dltime                                   0x2000002c   Data           2  m26.o(.data)
    strx                                     0x20000030   Data           4  m26.o(.data)
    ADC_Convertedvalue                       0x20000034   Data           6  mq.o(.data)
    key_delay                                0x20000044   Data           1  key.o(.data)
    time                                     0x20000045   Data           1  time.o(.data)
    count                                    0x20000046   Data           1  time.o(.data)
    time3                                    0x20000047   Data           1  time.o(.data)
    count3                                   0x20000048   Data           1  time.o(.data)
    swch_flag                                0x2000004c   Data           1  main.o(.data)
    relay_flag                               0x2000004d   Data           1  main.o(.data)
    mode                                     0x2000004e   Data           1  main.o(.data)
    menu_flag                                0x2000004f   Data           1  main.o(.data)
    Set_flag                                 0x20000050   Data           1  main.o(.data)
    flag                                     0x20000051   Data           1  main.o(.data)
    cl                                       0x20000052   Data           1  main.o(.data)
    cl3                                      0x20000053   Data           1  main.o(.data)
    temp                                     0x20000054   Data           1  main.o(.data)
    humi                                     0x20000055   Data           1  main.o(.data)
    ppm                                      0x20000058   Data           4  main.o(.data)
    p_CO                                     0x2000005c   Data           4  main.o(.data)
    p_ze08                                   0x20000060   Data           4  main.o(.data)
    param_t                                  0x20000064   Data           2  main.o(.data)
    param_h                                  0x20000066   Data           2  main.o(.data)
    param_p                                  0x20000068   Data           2  main.o(.data)
    param_z                                  0x2000006c   Data           4  main.o(.data)
    __stdout                                 0x20000074   Data           4  usart.o(.data)
    USART1_RX_STA                            0x20000078   Data           2  usart.o(.data)
    RxCounter                                0x2000007a   Data           1  usart.o(.data)
    USART2_RX_STA                            0x2000007c   Data           2  usart.o(.data)
    data_change                              0x2000007e   Data           1  usart.o(.data)
    flag_usart3                              0x2000007f   Data           1  usart.o(.data)
    OLED_GRAM                                0x20000088   Data        1152  oled.o(.bss)
    string                                   0x20000508   Data          10  main.o(.bss)
    USART1_RX_BUF                            0x20000512   Data         200  usart.o(.bss)
    USART2_RX_BUF                            0x200005da   Data         200  usart.o(.bss)
    SendBuff                                 0x200006a2   Data        5000  usart.o(.bss)
    buff_usart3                              0x20001a2a   Data           9  usart.o(.bss)
    __initial_sp                             0x20001e38   Data           0  startup_stm32f10x_hd.o(STACK)



==============================================================================

Memory Map of the image

  Image Entry point : 0x08000131

  Load Region LR_IROM1 (Base: 0x08000000, Size: 0x00007108, Max: 0x00010000, ABSOLUTE)

    Execution Region ER_IROM1 (Exec base: 0x08000000, Load base: 0x08000000, Size: 0x00007080, Max: 0x00010000, ABSOLUTE)

    Exec Addr    Load Addr    Size         Type   Attr      Idx    E Section Name        Object

    0x08000000   0x08000000   0x00000130   Data   RO            3    RESET               startup_stm32f10x_hd.o
    0x08000130   0x08000130   0x00000000   Code   RO         3977  * .ARM.Collect$$$$00000000  mc_w.l(entry.o)
    0x08000130   0x08000130   0x00000004   Code   RO         4302    .ARM.Collect$$$$00000001  mc_w.l(entry2.o)
    0x08000134   0x08000134   0x00000004   Code   RO         4305    .ARM.Collect$$$$00000004  mc_w.l(entry5.o)
    0x08000138   0x08000138   0x00000000   Code   RO         4307    .ARM.Collect$$$$00000008  mc_w.l(entry7b.o)
    0x08000138   0x08000138   0x00000000   Code   RO         4309    .ARM.Collect$$$$0000000A  mc_w.l(entry8b.o)
    0x08000138   0x08000138   0x00000008   Code   RO         4310    .ARM.Collect$$$$0000000B  mc_w.l(entry9a.o)
    0x08000140   0x08000140   0x00000000   Code   RO         4312    .ARM.Collect$$$$0000000D  mc_w.l(entry10a.o)
    0x08000140   0x08000140   0x00000000   Code   RO         4314    .ARM.Collect$$$$0000000F  mc_w.l(entry11a.o)
    0x08000140   0x08000140   0x00000004   Code   RO         4303    .ARM.Collect$$$$00002712  mc_w.l(entry2.o)
    0x08000144   0x08000144   0x00000024   Code   RO            4    .text               startup_stm32f10x_hd.o
    0x08000168   0x08000168   0x00000024   Code   RO         3980    .text               mc_w.l(memseta.o)
    0x0800018c   0x0800018c   0x00000024   Code   RO         3982    .text               mc_w.l(strstr.o)
    0x080001b0   0x080001b0   0x000000b0   Code   RO         4247    .text               mf_w.l(fadd.o)
    0x08000260   0x08000260   0x0000007c   Code   RO         4251    .text               mf_w.l(fdiv.o)
    0x080002dc   0x080002dc   0x0000014e   Code   RO         4253    .text               mf_w.l(dadd.o)
    0x0800042a   0x0800042a   0x000000e4   Code   RO         4255    .text               mf_w.l(dmul.o)
    0x0800050e   0x0800050e   0x000000de   Code   RO         4257    .text               mf_w.l(ddiv.o)
    0x080005ec   0x080005ec   0x00000012   Code   RO         4259    .text               mf_w.l(fflti.o)
    0x080005fe   0x080005fe   0x0000000a   Code   RO         4261    .text               mf_w.l(ffltui.o)
    0x08000608   0x08000608   0x00000022   Code   RO         4263    .text               mf_w.l(dflti.o)
    0x0800062a   0x0800062a   0x00000026   Code   RO         4267    .text               mf_w.l(f2d.o)
    0x08000650   0x08000650   0x00000038   Code   RO         4269    .text               mf_w.l(d2f.o)
    0x08000688   0x08000688   0x00000014   Code   RO         4271    .text               mf_w.l(cfcmple.o)
    0x0800069c   0x0800069c   0x00000014   Code   RO         4273    .text               mf_w.l(cfrcmple.o)
    0x080006b0   0x080006b0   0x0000002c   Code   RO         4316    .text               mc_w.l(uidiv.o)
    0x080006dc   0x080006dc   0x00000062   Code   RO         4318    .text               mc_w.l(uldiv.o)
    0x0800073e   0x0800073e   0x0000001e   Code   RO         4320    .text               mc_w.l(llshl.o)
    0x0800075c   0x0800075c   0x00000020   Code   RO         4322    .text               mc_w.l(llushr.o)
    0x0800077c   0x0800077c   0x00000024   Code   RO         4324    .text               mc_w.l(llsshr.o)
    0x080007a0   0x080007a0   0x00000000   Code   RO         4333    .text               mc_w.l(iusefp.o)
    0x080007a0   0x080007a0   0x0000006e   Code   RO         4334    .text               mf_w.l(fepilogue.o)
    0x0800080e   0x0800080e   0x000000ba   Code   RO         4336    .text               mf_w.l(depilogue.o)
    0x080008c8   0x080008c8   0x0000002e   Code   RO         4338    .text               mf_w.l(dscalb.o)
    0x080008f6   0x080008f6   0x00000030   Code   RO         4340    .text               mf_w.l(dfixul.o)
    0x08000926   0x08000926   0x00000002   PAD
    0x08000928   0x08000928   0x00000030   Code   RO         4342    .text               mf_w.l(cdrcmple.o)
    0x08000958   0x08000958   0x00000024   Code   RO         4344    .text               mc_w.l(init.o)
    0x0800097c   0x0800097c   0x000000a2   Code   RO         4346    .text               mf_w.l(dsqrt.o)
    0x08000a1e   0x08000a1e   0x00000002   PAD
    0x08000a20   0x08000a20   0x00000014   Code   RO         3539    i.ADCInit           mq.o
    0x08000a34   0x08000a34   0x00000016   Code   RO          183    i.ADC_Cmd           stm32f10x_adc.o
    0x08000a4a   0x08000a4a   0x00000002   PAD
    0x08000a4c   0x08000a4c   0x000000f0   Code   RO         3540    i.ADC_Config        mq.o
    0x08000b3c   0x08000b3c   0x00000016   Code   RO          184    i.ADC_DMACmd        stm32f10x_adc.o
    0x08000b52   0x08000b52   0x00000002   PAD
    0x08000b54   0x08000b54   0x0000005c   Code   RO          185    i.ADC_DeInit        stm32f10x_adc.o
    0x08000bb0   0x08000bb0   0x00000014   Code   RO          197    i.ADC_GetResetCalibrationStatus  stm32f10x_adc.o
    0x08000bc4   0x08000bc4   0x00000050   Code   RO          201    i.ADC_Init          stm32f10x_adc.o
    0x08000c14   0x08000c14   0x000000b8   Code   RO          205    i.ADC_RegularChannelConfig  stm32f10x_adc.o
    0x08000ccc   0x08000ccc   0x0000000a   Code   RO          206    i.ADC_ResetCalibration  stm32f10x_adc.o
    0x08000cd6   0x08000cd6   0x00000016   Code   RO          208    i.ADC_SoftwareStartConvCmd  stm32f10x_adc.o
    0x08000cec   0x08000cec   0x00000110   Code   RO         3323    i.AT_Init           m26.o
    0x08000dfc   0x08000dfc   0x00000034   Code   RO         3280    i.Alarm_Moudle_CLOSE  led.o
    0x08000e30   0x08000e30   0x00000034   Code   RO         3281    i.Alarm_Moudle_OPEN  led.o
    0x08000e64   0x08000e64   0x00000036   Code   RO         3623    i.BASIC_TIM_Config  time.o
    0x08000e9a   0x08000e9a   0x0000000c   Code   RO         3624    i.BASIC_TIM_Init    time.o
    0x08000ea6   0x08000ea6   0x00000022   Code   RO         3625    i.BASIC_TIM_NVIC_Config  time.o
    0x08000ec8   0x08000ec8   0x00000004   Code   RO         3780    i.BusFault_Handler  stm32f10x_it.o
    0x08000ecc   0x08000ecc   0x00000034   Code   RO         3282    i.Buzzer_GPIO_Config  led.o
    0x08000f00   0x08000f00   0x00000028   Code   RO         3324    i.Clear_Buffer      m26.o
    0x08000f28   0x08000f28   0x00000084   Code   RO         3711    i.Compare_param     main.o
    0x08000fac   0x08000fac   0x0000006c   Code   RO         3712    i.DATA_GET          main.o
    0x08001018   0x08001018   0x00000064   Code   RO         3108    i.DHT11_Check       dht11.o
    0x0800107c   0x0800107c   0x0000004c   Code   RO         3110    i.DHT11_Read_Bit    dht11.o
    0x080010c8   0x080010c8   0x0000001e   Code   RO         3111    i.DHT11_Read_Byte   dht11.o
    0x080010e6   0x080010e6   0x00000058   Code   RO         3112    i.DHT11_Read_Data   dht11.o
    0x0800113e   0x0800113e   0x00000002   PAD
    0x08001140   0x08001140   0x00000040   Code   RO         3113    i.DHT11_Rst         dht11.o
    0x08001180   0x08001180   0x00000018   Code   RO          868    i.DMA_Cmd           stm32f10x_dma.o
    0x08001198   0x08001198   0x0000014c   Code   RO          869    i.DMA_DeInit        stm32f10x_dma.o
    0x080012e4   0x080012e4   0x0000003c   Code   RO          874    i.DMA_Init          stm32f10x_dma.o
    0x08001320   0x08001320   0x00000002   Code   RO         3781    i.DebugMon_Handler  stm32f10x_it.o
    0x08001322   0x08001322   0x00000002   PAD
    0x08001324   0x08001324   0x00000150   Code   RO         3578    i.EXTI15_10_IRQHandler  key.o
    0x08001474   0x08001474   0x00000154   Code   RO         3579    i.EXTI3_IRQHandler  key.o
    0x080015c8   0x080015c8   0x00000058   Code   RO         3580    i.EXTI4_IRQHandler  key.o
    0x08001620   0x08001620   0x000000a0   Code   RO         3581    i.EXTI9_5_IRQHandler  key.o
    0x080016c0   0x080016c0   0x0000000c   Code   RO          939    i.EXTI_ClearITPendingBit  stm32f10x_exti.o
    0x080016cc   0x080016cc   0x00000028   Code   RO          943    i.EXTI_GetITStatus  stm32f10x_exti.o
    0x080016f4   0x080016f4   0x00000094   Code   RO          944    i.EXTI_Init         stm32f10x_exti.o
    0x08001788   0x08001788   0x00000108   Code   RO         3582    i.EXTI_Key_Config   key.o
    0x08001890   0x08001890   0x00000042   Code   RO         3583    i.EXTI_NVIC_Config  key.o
    0x080018d2   0x080018d2   0x00000026   Code   RO         3869    i.FucCheckSum       usart.o
    0x080018f8   0x080018f8   0x00000040   Code   RO         1289    i.GPIO_EXTILineConfig  stm32f10x_gpio.o
    0x08001938   0x08001938   0x00000116   Code   RO         1292    i.GPIO_Init         stm32f10x_gpio.o
    0x08001a4e   0x08001a4e   0x00000002   PAD
    0x08001a50   0x08001a50   0x00000090   Code   RO         1294    i.GPIO_PinRemapConfig  stm32f10x_gpio.o
    0x08001ae0   0x08001ae0   0x00000004   Code   RO         1299    i.GPIO_ResetBits    stm32f10x_gpio.o
    0x08001ae4   0x08001ae4   0x00000004   Code   RO         1300    i.GPIO_SetBits      stm32f10x_gpio.o
    0x08001ae8   0x08001ae8   0x00000004   Code   RO         3782    i.HardFault_Handler  stm32f10x_it.o
    0x08001aec   0x08001aec   0x00000034   Code   RO         3388    i.I2C_Start         oled.o
    0x08001b20   0x08001b20   0x00000024   Code   RO         3389    i.I2C_Stop          oled.o
    0x08001b44   0x08001b44   0x0000002c   Code   RO         3390    i.I2C_WaitAck       oled.o
    0x08001b70   0x08001b70   0x00000010   Code   RO         3391    i.IIC_delay         oled.o
    0x08001b80   0x08001b80   0x0000004c   Code   RO         3283    i.Led_GPIO_Config   led.o
    0x08001bcc   0x08001bcc   0x00000278   Code   RO         3325    i.MQTT_Init         m26.o
    0x08001e44   0x08001e44   0x00000004   Code   RO         3783    i.MemManage_Handler  stm32f10x_it.o
    0x08001e48   0x08001e48   0x000001fc   Code   RO         3713    i.Menushow          main.o
    0x08002044   0x08002044   0x00000002   Code   RO         3784    i.NMI_Handler       stm32f10x_it.o
    0x08002046   0x08002046   0x0000000c   Code   RO         3949    i.NVIC_Configuration  sys.o
    0x08002052   0x08002052   0x00000002   PAD
    0x08002054   0x08002054   0x00000070   Code   RO          137    i.NVIC_Init         misc.o
    0x080020c4   0x080020c4   0x00000014   Code   RO          138    i.NVIC_PriorityGroupConfig  misc.o
    0x080020d8   0x080020d8   0x00000030   Code   RO         3392    i.OLED_Clear        oled.o
    0x08002108   0x08002108   0x0000001c   Code   RO         3393    i.OLED_ColorTurn    oled.o
    0x08002124   0x08002124   0x0000002c   Code   RO         3396    i.OLED_DisplayTurn  oled.o
    0x08002150   0x08002150   0x00000078   Code   RO         3399    i.OLED_DrawPoint    oled.o
    0x080021c8   0x080021c8   0x00000144   Code   RO         3400    i.OLED_Init         oled.o
    0x0800230c   0x0800230c   0x00000068   Code   RO         3402    i.OLED_Refresh      oled.o
    0x08002374   0x08002374   0x0000013c   Code   RO         3404    i.OLED_ShowChar     oled.o
    0x080024b0   0x080024b0   0x00000104   Code   RO         3405    i.OLED_ShowChinese  oled.o
    0x080025b4   0x080025b4   0x0000004a   Code   RO         3408    i.OLED_ShowString   oled.o
    0x080025fe   0x080025fe   0x00000038   Code   RO         3409    i.OLED_WR_Byte      oled.o
    0x08002636   0x08002636   0x00000002   PAD
    0x08002638   0x08002638   0x00000128   Code   RO         3714    i.OPEN_Show         main.o
    0x08002760   0x08002760   0x00000002   Code   RO         3785    i.PendSV_Handler    stm32f10x_it.o
    0x08002762   0x08002762   0x00000002   PAD
    0x08002764   0x08002764   0x00000018   Code   RO         1706    i.RCC_ADCCLKConfig  stm32f10x_rcc.o
    0x0800277c   0x0800277c   0x00000020   Code   RO         1707    i.RCC_AHBPeriphClockCmd  stm32f10x_rcc.o
    0x0800279c   0x0800279c   0x00000020   Code   RO         1708    i.RCC_APB1PeriphClockCmd  stm32f10x_rcc.o
    0x080027bc   0x080027bc   0x00000020   Code   RO         1709    i.RCC_APB1PeriphResetCmd  stm32f10x_rcc.o
    0x080027dc   0x080027dc   0x00000020   Code   RO         1710    i.RCC_APB2PeriphClockCmd  stm32f10x_rcc.o
    0x080027fc   0x080027fc   0x00000020   Code   RO         1711    i.RCC_APB2PeriphResetCmd  stm32f10x_rcc.o
    0x0800281c   0x0800281c   0x000000d4   Code   RO         1718    i.RCC_GetClocksFreq  stm32f10x_rcc.o
    0x080028f0   0x080028f0   0x000000a8   Code   RO         3542    i.Read_Mq135_Data   mq.o
    0x08002998   0x08002998   0x00000080   Code   RO         3326    i.Recv_Data         m26.o
    0x08002a18   0x08002a18   0x00000034   Code   RO         3284    i.Relay_GPIO_Config  led.o
    0x08002a4c   0x08002a4c   0x00000002   Code   RO         3786    i.SVC_Handler       stm32f10x_it.o
    0x08002a4e   0x08002a4e   0x00000002   PAD
    0x08002a50   0x08002a50   0x000000c0   Code   RO         3327    i.SendMessage       m26.o
    0x08002b10   0x08002b10   0x0000004c   Code   RO         3410    i.Send_Byte         oled.o
    0x08002b5c   0x08002b5c   0x0000008c   Code   RO         3715    i.Send_data         main.o
    0x08002be8   0x08002be8   0x00000008   Code   RO           24    i.SetSysClock       system_stm32f10x.o
    0x08002bf0   0x08002bf0   0x000000e0   Code   RO           25    i.SetSysClockTo72   system_stm32f10x.o
    0x08002cd0   0x08002cd0   0x00000054   Code   RO         3716    i.Swch_ctrl         main.o
    0x08002d24   0x08002d24   0x00000028   Code   RO          141    i.SysTick_CLKSourceConfig  misc.o
    0x08002d4c   0x08002d4c   0x00000002   Code   RO         3787    i.SysTick_Handler   stm32f10x_it.o
    0x08002d4e   0x08002d4e   0x00000002   PAD
    0x08002d50   0x08002d50   0x00000060   Code   RO           27    i.SystemInit        system_stm32f10x.o
    0x08002db0   0x08002db0   0x00000040   Code   RO         3626    i.TIM2_IRQHandler   time.o
    0x08002df0   0x08002df0   0x00000006   Code   RO         2336    i.TIM_ClearFlag     stm32f10x_tim.o
    0x08002df6   0x08002df6   0x00000006   Code   RO         2337    i.TIM_ClearITPendingBit  stm32f10x_tim.o
    0x08002dfc   0x08002dfc   0x00000018   Code   RO         2342    i.TIM_Cmd           stm32f10x_tim.o
    0x08002e14   0x08002e14   0x00000022   Code   RO         2363    i.TIM_GetITStatus   stm32f10x_tim.o
    0x08002e36   0x08002e36   0x00000012   Code   RO         2367    i.TIM_ITConfig      stm32f10x_tim.o
    0x08002e48   0x08002e48   0x000000a4   Code   RO         2413    i.TIM_TimeBaseInit  stm32f10x_tim.o
    0x08002eec   0x08002eec   0x000001ac   Code   RO         3717    i.TimeSow           main.o
    0x08003098   0x08003098   0x00000088   Code   RO         3870    i.USART1_IRQHandler  usart.o
    0x08003120   0x08003120   0x00000060   Code   RO         3872    i.USART2_IRQHandler  usart.o
    0x08003180   0x08003180   0x00000078   Code   RO         3873    i.USART3_IRQHandler  usart.o
    0x080031f8   0x080031f8   0x0000001e   Code   RO         2875    i.USART_ClearITPendingBit  stm32f10x_usart.o
    0x08003216   0x08003216   0x00000018   Code   RO         2878    i.USART_Cmd         stm32f10x_usart.o
    0x0800322e   0x0800322e   0x00000002   PAD
    0x08003230   0x08003230   0x0000009c   Code   RO         2880    i.USART_DeInit      stm32f10x_usart.o
    0x080032cc   0x080032cc   0x00000054   Code   RO         2882    i.USART_GetITStatus  stm32f10x_usart.o
    0x08003320   0x08003320   0x0000004a   Code   RO         2884    i.USART_ITConfig    stm32f10x_usart.o
    0x0800336a   0x0800336a   0x00000002   PAD
    0x0800336c   0x0800336c   0x000000d8   Code   RO         2885    i.USART_Init        stm32f10x_usart.o
    0x08003444   0x08003444   0x0000000a   Code   RO         2892    i.USART_ReceiveData  stm32f10x_usart.o
    0x0800344e   0x0800344e   0x00000008   Code   RO         2895    i.USART_SendData    stm32f10x_usart.o
    0x08003456   0x08003456   0x00000004   Code   RO         3788    i.UsageFault_Handler  stm32f10x_it.o
    0x0800345a   0x0800345a   0x00000002   PAD
    0x0800345c   0x0800345c   0x0000025c   Code   RO         3718    i.ValueSet          main.o
    0x080036b8   0x080036b8   0x00000020   Code   RO         4219    i.__0printf         mc_w.l(printfa.o)
    0x080036d8   0x080036d8   0x00000028   Code   RO         4221    i.__0sprintf        mc_w.l(printfa.o)
    0x08003700   0x08003700   0x00000028   Code   RO         4289    i.__ARM_fpclassify  m_ws.l(fpclassify.o)
    0x08003728   0x08003728   0x000000aa   Code   RO         4291    i.__kernel_poly     m_ws.l(poly.o)
    0x080037d2   0x080037d2   0x00000002   PAD
    0x080037d4   0x080037d4   0x00000010   Code   RO         4275    i.__mathlib_dbl_divzero  m_ws.l(dunder.o)
    0x080037e4   0x080037e4   0x00000004   Code   RO         4277    i.__mathlib_dbl_infnan2  m_ws.l(dunder.o)
    0x080037e8   0x080037e8   0x0000000c   Code   RO         4278    i.__mathlib_dbl_invalid  m_ws.l(dunder.o)
    0x080037f4   0x080037f4   0x0000000e   Code   RO         4279    i.__mathlib_dbl_overflow  m_ws.l(dunder.o)
    0x08003802   0x08003802   0x00000002   PAD
    0x08003804   0x08003804   0x00000010   Code   RO         4281    i.__mathlib_dbl_underflow  m_ws.l(dunder.o)
    0x08003814   0x08003814   0x0000000e   Code   RO         4352    i.__scatterload_copy  mc_w.l(handlers.o)
    0x08003822   0x08003822   0x00000002   Code   RO         4353    i.__scatterload_null  mc_w.l(handlers.o)
    0x08003824   0x08003824   0x0000000e   Code   RO         4354    i.__scatterload_zeroinit  mc_w.l(handlers.o)
    0x08003832   0x08003832   0x00000002   PAD
    0x08003834   0x08003834   0x0000000c   Code   RO         4328    i.__set_errno       mc_w.l(errno.o)
    0x08003840   0x08003840   0x00000184   Code   RO         4226    i._fp_digits        mc_w.l(printfa.o)
    0x080039c4   0x080039c4   0x000006dc   Code   RO         4227    i._printf_core      mc_w.l(printfa.o)
    0x080040a0   0x080040a0   0x00000024   Code   RO         4228    i._printf_post_padding  mc_w.l(printfa.o)
    0x080040c4   0x080040c4   0x0000002e   Code   RO         4229    i._printf_pre_padding  mc_w.l(printfa.o)
    0x080040f2   0x080040f2   0x0000000a   Code   RO         4231    i._sputc            mc_w.l(printfa.o)
    0x080040fc   0x080040fc   0x00000044   Code   RO         3843    i.delay_init        delay.o
    0x08004140   0x08004140   0x0000004c   Code   RO         3844    i.delay_ms          delay.o
    0x0800418c   0x0800418c   0x0000004c   Code   RO         3845    i.delay_us          delay.o
    0x080041d8   0x080041d8   0x0000001c   Code   RO         3876    i.fputc             usart.o
    0x080041f4   0x080041f4   0x00000098   Code   RO         3719    i.main              main.o
    0x0800428c   0x0800428c   0x000009d8   Code   RO         3968    i.pow               m_ws.l(pow.o)
    0x08004c64   0x08004c64   0x0000004c   Code   RO         4295    i.sqrt              m_ws.l(sqrt.o)
    0x08004cb0   0x08004cb0   0x000000b4   Code   RO         3877    i.uart1_init        usart.o
    0x08004d64   0x08004d64   0x000000a8   Code   RO         3878    i.uart2_init        usart.o
    0x08004e0c   0x08004e0c   0x000000b8   Code   RO         3879    i.uart3_init        usart.o
    0x08004ec4   0x08004ec4   0x00002070   Data   RO         3412    .constdata          oled.o
    0x08006f34   0x08006f34   0x00000004   PAD
    0x08006f38   0x08006f38   0x00000088   Data   RO         3969    .constdata          m_ws.l(pow.o)
    0x08006fc0   0x08006fc0   0x00000008   Data   RO         4293    .constdata          m_ws.l(qnan.o)
    0x08006fc8   0x08006fc8   0x00000097   Data   RO         3328    .conststring        m26.o
    0x0800705f   0x0800705f   0x00000001   PAD
    0x08007060   0x08007060   0x00000020   Data   RO         4350    Region$$Table       anon$$obj.o


    Execution Region RW_IRAM1 (Exec base: 0x20000000, Load base: 0x08007080, Size: 0x00001e38, Max: 0x00005000, ABSOLUTE)

    Exec Addr    Load Addr    Size         Type   Attr      Idx    E Section Name        Object

    0x20000000   0x08007080   0x00000014   Data   RW           28    .data               system_stm32f10x.o
    0x20000014   0x08007094   0x00000014   Data   RW         1738    .data               stm32f10x_rcc.o
    0x20000028   0x080070a8   0x00000001   Data   RW         3285    .data               led.o
    0x20000029   0x080070a9   0x00000003   PAD
    0x2000002c   0x080070ac   0x00000008   Data   RW         3329    .data               m26.o
    0x20000034   0x080070b4   0x00000010   Data   RW         3544    .data               mq.o
    0x20000044   0x080070c4   0x00000001   Data   RW         3584    .data               key.o
    0x20000045   0x080070c5   0x00000004   Data   RW         3627    .data               time.o
    0x20000049   0x080070c9   0x00000003   PAD
    0x2000004c   0x080070cc   0x00000024   Data   RW         3721    .data               main.o
    0x20000070   0x080070f0   0x00000004   Data   RW         3846    .data               delay.o
    0x20000074   0x080070f4   0x00000010   Data   RW         3881    .data               usart.o
    0x20000084   0x08007104   0x00000004   Data   RW         4329    .data               mc_w.l(errno.o)
    0x20000088        -       0x00000480   Zero   RW         3411    .bss                oled.o
    0x20000508        -       0x0000000a   Zero   RW         3720    .bss                main.o
    0x20000512        -       0x00001521   Zero   RW         3880    .bss                usart.o
    0x20001a33   0x08007108   0x00000005   PAD
    0x20001a38        -       0x00000400   Zero   RW            1    STACK               startup_stm32f10x_hd.o


==============================================================================

Image component sizes


      Code (inc. data)   RO Data    RW Data    ZI Data      Debug   Object Name

         0          0          0          0          0       4516   core_cm3.o
       220         26          0          4          0       1623   delay.o
       358         26          0          0          0     263023   dht11.o
      1254        156          0          1          0       3552   key.o
       284         46          0          1          0       2560   led.o
      1264        540        151          8          0       3133   m26.o
      2452        408          0         36         10       5832   main.o
       172         22          0          0          0       2081   misc.o
       428         54          0         16          0       2362   mq.o
      1598         76       8304          0       1152      10398   oled.o
        36          8        304          0       1024        840   startup_stm32f10x_hd.o
       452         24          0          0          0       6780   stm32f10x_adc.o
       416          8          0          0          0       3442   stm32f10x_dma.o
       200         18          0          0          0       2136   stm32f10x_exti.o
       494         10          0          0          0       4468   stm32f10x_gpio.o
        26          0          0          0          0       3650   stm32f10x_it.o
       396         56          0         20          0       6591   stm32f10x_rcc.o
       252         42          0          0          0       4042   stm32f10x_tim.o
       602         28          0          0          0       6700   stm32f10x_usart.o
        12          0          0          0          0        429   sys.o
       328         28          0         20          0     270149   system_stm32f10x.o
       164         10          0          4          0       2093   time.o
       950         78          0         16       5409       7150   usart.o

    ----------------------------------------------------------------------
     12384       1664       8796        132       7600     617550   Object Totals
         0          0         32          0          0          0   (incl. Generated)
        26          0          5          6          5          0   (incl. Padding)

    ----------------------------------------------------------------------

      Code (inc. data)   RO Data    RW Data    ZI Data      Debug   Library Member Name

        62         10          0          0          0        340   dunder.o
        40          0          0          0          0         68   fpclassify.o
       170          0          0          0          0         96   poly.o
      2520        190        136          0          0        324   pow.o
         0          0          8          0          0          0   qnan.o
        76          0          0          0          0         84   sqrt.o
         0          0          0          0          0          0   entry.o
         0          0          0          0          0          0   entry10a.o
         0          0          0          0          0          0   entry11a.o
         8          4          0          0          0          0   entry2.o
         4          0          0          0          0          0   entry5.o
         0          0          0          0          0          0   entry7b.o
         0          0          0          0          0          0   entry8b.o
         8          4          0          0          0          0   entry9a.o
        12          6          0          4          0         68   errno.o
        30          0          0          0          0          0   handlers.o
        36          8          0          0          0         68   init.o
         0          0          0          0          0          0   iusefp.o
        30          0          0          0          0         68   llshl.o
        36          0          0          0          0         68   llsshr.o
        32          0          0          0          0         68   llushr.o
        36          0          0          0          0        108   memseta.o
      2308         96          0          0          0        604   printfa.o
        36          0          0          0          0         80   strstr.o
        44          0          0          0          0         80   uidiv.o
        98          0          0          0          0         92   uldiv.o
        48          0          0          0          0         68   cdrcmple.o
        20          0          0          0          0         68   cfcmple.o
        20          0          0          0          0         68   cfrcmple.o
        56          0          0          0          0         88   d2f.o
       334          0          0          0          0        148   dadd.o
       222          0          0          0          0        100   ddiv.o
       186          0          0          0          0        176   depilogue.o
        48          0          0          0          0         68   dfixul.o
        34          0          0          0          0         76   dflti.o
       228          0          0          0          0         96   dmul.o
        46          0          0          0          0         80   dscalb.o
       162          0          0          0          0        100   dsqrt.o
        38          0          0          0          0         68   f2d.o
       176          0          0          0          0        140   fadd.o
       124          0          0          0          0         88   fdiv.o
       110          0          0          0          0        168   fepilogue.o
        18          0          0          0          0         68   fflti.o
        10          0          0          0          0         68   ffltui.o

    ----------------------------------------------------------------------
      7476        318        144          4          0       3952   Library Totals
        10          0          0          0          0          0   (incl. Padding)

    ----------------------------------------------------------------------

      Code (inc. data)   RO Data    RW Data    ZI Data      Debug   Library Name

      2868        200        144          0          0        912   m_ws.l
      2718        118          0          4          0       1304   mc_w.l
      1880          0          0          0          0       1736   mf_w.l

    ----------------------------------------------------------------------
      7476        318        144          4          0       3952   Library Totals

    ----------------------------------------------------------------------

==============================================================================


      Code (inc. data)   RO Data    RW Data    ZI Data      Debug   

     19860       1982       8940        136       7600     613542   Grand Totals
     19860       1982       8940        136       7600     613542   ELF Image Totals
     19860       1982       8940        136          0          0   ROM Totals

==============================================================================

    Total RO  Size (Code + RO Data)                28800 (  28.13kB)
    Total RW  Size (RW Data + ZI Data)              7736 (   7.55kB)
    Total ROM Size (Code + RO Data + RW Data)      28936 (  28.26kB)

==============================================================================

